Copyright 1986-2022 Xilinx, Inc. All Rights Reserved.
----------------------------------------------------------------------------------------------------------------------------------------------------------------------------------------------------------------------------------------------------------------------------------------------------------------------------------------------------------------------------
| Tool Version : Vivado v.2022.2 (lin64) Build 3671981 Fri Oct 14 04:59:54 MDT 2022
| Date         : Sat Mar  2 04:18:25 2024
| Host         : egl running 64-bit Ubuntu 20.04.4 LTS
| Command      : report_accelerator_utilization -kernels { alveo_hls4ml:level0_i/ulp/alveo_hls4ml_1/inst:alveo_hls4ml_1 alveo_hls4ml:level0_i/ulp/alveo_hls4ml_2/inst:alveo_hls4ml_2 alveo_hls4ml:level0_i/ulp/alveo_hls4ml_3/inst:alveo_hls4ml_3 alveo_hls4ml:level0_i/ulp/alveo_hls4ml_4/inst:alveo_hls4ml_4} -file kernel_util_routed.rpt -name kernel_util_routed -json
| Design       : level0_wrapper
| Device       : xcu55c
| Design State : Routed
----------------------------------------------------------------------------------------------------------------------------------------------------------------------------------------------------------------------------------------------------------------------------------------------------------------------------------------------------------------------------

Accelerator Utilization Design Information

Table of Contents
-----------------
1. System Utilization

1. System Utilization
---------------------

+---------------------+-------------------+------------------+-------------------+----------------+---------------+----------------+
| Name                | LUT               | LUTAsMem         | REG               | BRAM           | URAM          | DSP            |
+---------------------+-------------------+------------------+-------------------+----------------+---------------+----------------+
| Platform            |  126979 [  9.74%] |   9772 [  1.63%] |  175555 [  6.73%] |  200 [  9.92%] |   0 [  0.00%] |    4 [  0.04%] |
| User Budget         | 1176701 [100.00%] | 591188 [100.00%] | 2431805 [100.00%] | 1816 [100.00%] | 960 [100.00%] | 9020 [100.00%] |
|    Used Resources   |   71424 [  6.07%] |   1948 [  0.33%] |   56491 [  2.32%] |   24 [  1.32%] |   0 [  0.00%] |  108 [  1.20%] |
|    Unused Resources | 1105277 [ 93.93%] | 589240 [ 99.67%] | 2375314 [ 97.68%] | 1792 [ 98.68%] | 960 [100.00%] | 8912 [ 98.80%] |
| alveo_hls4ml        |   71424 [  6.07%] |   1948 [  0.33%] |   56491 [  2.32%] |   24 [  1.32%] |   0 [  0.00%] |  108 [  1.20%] |
|    alveo_hls4ml_1   |   17859 [  1.52%] |    487 [  0.08%] |   14121 [  0.58%] |    6 [  0.33%] |   0 [  0.00%] |   27 [  0.30%] |
|    alveo_hls4ml_2   |   17846 [  1.52%] |    487 [  0.08%] |   14122 [  0.58%] |    6 [  0.33%] |   0 [  0.00%] |   27 [  0.30%] |
|    alveo_hls4ml_3   |   17864 [  1.52%] |    487 [  0.08%] |   14116 [  0.58%] |    6 [  0.33%] |   0 [  0.00%] |   27 [  0.30%] |
|    alveo_hls4ml_4   |   17855 [  1.52%] |    487 [  0.08%] |   14132 [  0.58%] |    6 [  0.33%] |   0 [  0.00%] |   27 [  0.30%] |
+---------------------+-------------------+------------------+-------------------+----------------+---------------+----------------+


