

================================================================
== Vitis HLS Report for 'dense_array_ap_fixed_16u_array_ap_fixed_16_6_5_3_0_64u_config2_s'
================================================================
* Date:           Sat Mar  2 01:08:31 2024

* Version:        2022.2 (Build 3670227 on Oct 13 2022)
* Project:        alveo_hls4ml
* Solution:       solution (Vitis Kernel Flow Target)
* Product family: virtexuplus
* Target device:  xcu55c-fsvh2892-2L-e


================================================================
== Performance Estimates
================================================================
+ Timing: 
    * Summary: 
    +--------+---------+----------+------------+
    |  Clock |  Target | Estimated| Uncertainty|
    +--------+---------+----------+------------+
    |ap_clk  |  3.33 ns|  2.408 ns|     0.90 ns|
    +--------+---------+----------+------------+

+ Latency: 
    * Summary: 
    +---------+---------+----------+----------+-----+-----+---------+
    |  Latency (cycles) |  Latency (absolute) |  Interval | Pipeline|
    |   min   |   max   |    min   |    max   | min | max |   Type  |
    +---------+---------+----------+----------+-----+-----+---------+
    |        3|        3|  9.999 ns|  9.999 ns|    3|    3|       no|
    +---------+---------+----------+----------+-----+-----+---------+

    + Detail: 
        * Instance: 
        N/A

        * Loop: 
        N/A



================================================================
== Utilization Estimates
================================================================
* Summary: 
+---------------------+---------+------+---------+---------+-----+
|         Name        | BRAM_18K|  DSP |    FF   |   LUT   | URAM|
+---------------------+---------+------+---------+---------+-----+
|DSP                  |        -|     -|        -|        -|    -|
|Expression           |        -|     -|        0|     9195|    -|
|FIFO                 |        -|     -|        -|        -|    -|
|Instance             |        -|    33|        0|      165|    -|
|Memory               |        -|     -|        -|        -|    -|
|Multiplexer          |        -|     -|        -|       62|    -|
|Register             |        -|     -|     2529|        -|    -|
+---------------------+---------+------+---------+---------+-----+
|Total                |        0|    33|     2529|     9422|    0|
+---------------------+---------+------+---------+---------+-----+
|Available SLR        |     1344|  3008|   869120|   434560|  320|
+---------------------+---------+------+---------+---------+-----+
|Utilization SLR (%)  |        0|     1|       ~0|        2|    0|
+---------------------+---------+------+---------+---------+-----+
|Available            |     4032|  9024|  2607360|  1303680|  960|
+---------------------+---------+------+---------+---------+-----+
|Utilization (%)      |        0|    ~0|       ~0|       ~0|    0|
+---------------------+---------+------+---------+---------+-----+

+ Detail: 
    * Instance: 
    +------------------------+--------------------+---------+----+---+----+-----+
    |        Instance        |       Module       | BRAM_18K| DSP| FF| LUT| URAM|
    +------------------------+--------------------+---------+----+---+----+-----+
    |mul_16s_5ns_21_1_1_U8   |mul_16s_5ns_21_1_1  |        0|   1|  0|   5|    0|
    |mul_16s_5ns_21_1_1_U15  |mul_16s_5ns_21_1_1  |        0|   1|  0|   5|    0|
    |mul_16s_5ns_21_1_1_U21  |mul_16s_5ns_21_1_1  |        0|   1|  0|   5|    0|
    |mul_16s_5ns_21_1_1_U27  |mul_16s_5ns_21_1_1  |        0|   1|  0|   5|    0|
    |mul_16s_5ns_21_1_1_U38  |mul_16s_5ns_21_1_1  |        0|   1|  0|   5|    0|
    |mul_16s_5s_21_1_1_U14   |mul_16s_5s_21_1_1   |        0|   1|  0|   5|    0|
    |mul_16s_5s_21_1_1_U20   |mul_16s_5s_21_1_1   |        0|   1|  0|   5|    0|
    |mul_16s_5s_21_1_1_U22   |mul_16s_5s_21_1_1   |        0|   1|  0|   5|    0|
    |mul_16s_5s_21_1_1_U23   |mul_16s_5s_21_1_1   |        0|   1|  0|   5|    0|
    |mul_16s_5s_21_1_1_U24   |mul_16s_5s_21_1_1   |        0|   1|  0|   5|    0|
    |mul_16s_5s_21_1_1_U25   |mul_16s_5s_21_1_1   |        0|   1|  0|   5|    0|
    |mul_16s_5s_21_1_1_U26   |mul_16s_5s_21_1_1   |        0|   1|  0|   5|    0|
    |mul_16s_5s_21_1_1_U29   |mul_16s_5s_21_1_1   |        0|   1|  0|   5|    0|
    |mul_16s_5s_21_1_1_U31   |mul_16s_5s_21_1_1   |        0|   1|  0|   5|    0|
    |mul_16s_5s_21_1_1_U33   |mul_16s_5s_21_1_1   |        0|   1|  0|   5|    0|
    |mul_16s_5s_21_1_1_U39   |mul_16s_5s_21_1_1   |        0|   1|  0|   5|    0|
    |mul_16s_6ns_21_1_1_U9   |mul_16s_6ns_21_1_1  |        0|   1|  0|   5|    0|
    |mul_16s_6ns_21_1_1_U10  |mul_16s_6ns_21_1_1  |        0|   1|  0|   5|    0|
    |mul_16s_6ns_21_1_1_U12  |mul_16s_6ns_21_1_1  |        0|   1|  0|   5|    0|
    |mul_16s_6ns_21_1_1_U17  |mul_16s_6ns_21_1_1  |        0|   1|  0|   5|    0|
    |mul_16s_6ns_21_1_1_U18  |mul_16s_6ns_21_1_1  |        0|   1|  0|   5|    0|
    |mul_16s_6ns_21_1_1_U19  |mul_16s_6ns_21_1_1  |        0|   1|  0|   5|    0|
    |mul_16s_6ns_21_1_1_U30  |mul_16s_6ns_21_1_1  |        0|   1|  0|   5|    0|
    |mul_16s_6ns_21_1_1_U32  |mul_16s_6ns_21_1_1  |        0|   1|  0|   5|    0|
    |mul_16s_6ns_21_1_1_U35  |mul_16s_6ns_21_1_1  |        0|   1|  0|   5|    0|
    |mul_16s_6ns_21_1_1_U37  |mul_16s_6ns_21_1_1  |        0|   1|  0|   5|    0|
    |mul_16s_6ns_21_1_1_U40  |mul_16s_6ns_21_1_1  |        0|   1|  0|   5|    0|
    |mul_16s_6s_21_1_1_U11   |mul_16s_6s_21_1_1   |        0|   1|  0|   5|    0|
    |mul_16s_6s_21_1_1_U13   |mul_16s_6s_21_1_1   |        0|   1|  0|   5|    0|
    |mul_16s_6s_21_1_1_U16   |mul_16s_6s_21_1_1   |        0|   1|  0|   5|    0|
    |mul_16s_6s_21_1_1_U28   |mul_16s_6s_21_1_1   |        0|   1|  0|   5|    0|
    |mul_16s_6s_21_1_1_U34   |mul_16s_6s_21_1_1   |        0|   1|  0|   5|    0|
    |mul_16s_6s_21_1_1_U36   |mul_16s_6s_21_1_1   |        0|   1|  0|   5|    0|
    +------------------------+--------------------+---------+----+---+----+-----+
    |Total                   |                    |        0|  33|  0| 165|    0|
    +------------------------+--------------------+---------+----+---+----+-----+

    * DSP: 
    N/A

    * Memory: 
    N/A

    * FIFO: 
    N/A

    * Expression: 
    +----------------------------+----------+----+---+------+------------+------------+
    |        Variable Name       | Operation| DSP| FF|  LUT | Bitwidth P0| Bitwidth P1|
    +----------------------------+----------+----+---+------+------------+------------+
    |add_ln813_721_fu_37612_p2   |         +|   0|  0|    16|          16|           9|
    |add_ln813_723_fu_36205_p2   |         +|   0|  0|    16|          16|           9|
    |add_ln813_725_fu_36217_p2   |         +|   0|  0|    23|          16|          16|
    |add_ln813_726_fu_36222_p2   |         +|   0|  0|    16|          16|          16|
    |add_ln813_727_fu_36228_p2   |         +|   0|  0|    16|          16|           8|
    |add_ln813_728_fu_36234_p2   |         +|   0|  0|    16|          16|          16|
    |add_ln813_730_fu_36246_p2   |         +|   0|  0|    20|          13|           9|
    |add_ln813_731_fu_36256_p2   |         +|   0|  0|    16|          16|          16|
    |add_ln813_732_fu_36262_p2   |         +|   0|  0|    22|          15|          15|
    |add_ln813_734_fu_36278_p2   |         +|   0|  0|    20|          13|           9|
    |add_ln813_735_fu_36288_p2   |         +|   0|  0|    16|          16|          16|
    |add_ln813_736_fu_36294_p2   |         +|   0|  0|    23|          16|          16|
    |add_ln813_738_fu_36306_p2   |         +|   0|  0|    22|          15|           6|
    |add_ln813_740_fu_36332_p2   |         +|   0|  0|    16|          16|          16|
    |add_ln813_741_fu_36337_p2   |         +|   0|  0|    22|          15|          10|
    |add_ln813_743_fu_37622_p2   |         +|   0|  0|    16|          16|           8|
    |add_ln813_745_fu_36353_p2   |         +|   0|  0|    16|          16|           7|
    |add_ln813_747_fu_37633_p2   |         +|   0|  0|    16|          16|          16|
    |add_ln813_748_fu_36365_p2   |         +|   0|  0|    16|          16|           7|
    |add_ln813_749_fu_36371_p2   |         +|   0|  0|    16|          16|          16|
    |add_ln813_751_fu_36376_p2   |         +|   0|  0|    16|          16|          16|
    |add_ln813_752_fu_36382_p2   |         +|   0|  0|    23|          16|           8|
    |add_ln813_754_fu_36394_p2   |         +|   0|  0|    16|          16|          16|
    |add_ln813_755_fu_36400_p2   |         +|   0|  0|    19|          12|           8|
    |add_ln813_756_fu_36410_p2   |         +|   0|  0|    22|          15|          15|
    |add_ln813_758_fu_37642_p2   |         +|   0|  0|    16|          16|          16|
    |add_ln813_759_fu_36426_p2   |         +|   0|  0|    22|          15|           7|
    |add_ln813_760_fu_36436_p2   |         +|   0|  0|    23|          16|          16|
    |add_ln813_762_fu_36442_p2   |         +|   0|  0|    23|          16|          16|
    |add_ln813_763_fu_37651_p2   |         +|   0|  0|    16|          16|          16|
    |add_ln813_764_fu_36447_p2   |         +|   0|  0|    16|          16|          16|
    |add_ln813_765_fu_36453_p2   |         +|   0|  0|    21|          14|           8|
    |add_ln813_766_fu_36463_p2   |         +|   0|  0|    16|          16|          16|
    |add_ln813_768_fu_36469_p2   |         +|   0|  0|    16|          16|           7|
    |add_ln813_770_fu_36481_p2   |         +|   0|  0|    16|          16|          16|
    |add_ln813_771_fu_36487_p2   |         +|   0|  0|    20|          13|           9|
    |add_ln813_773_fu_36503_p2   |         +|   0|  0|    16|          16|          16|
    |add_ln813_774_fu_36509_p2   |         +|   0|  0|    21|          14|           8|
    |add_ln813_776_fu_36525_p2   |         +|   0|  0|    16|          16|          16|
    |add_ln813_777_fu_36531_p2   |         +|   0|  0|    22|          15|           7|
    |add_ln813_779_fu_36547_p2   |         +|   0|  0|    23|          16|          16|
    |add_ln813_780_fu_36553_p2   |         +|   0|  0|    16|          16|          16|
    |add_ln813_781_fu_36558_p2   |         +|   0|  0|    19|          12|           8|
    |add_ln813_782_fu_36568_p2   |         +|   0|  0|    21|          14|          14|
    |add_ln813_785_fu_32875_p2   |         +|   0|  0|    20|          13|           9|
    |add_ln813_786_fu_36584_p2   |         +|   0|  0|    16|          16|          16|
    |add_ln813_787_fu_32885_p2   |         +|   0|  0|    22|          15|          15|
    |add_ln813_788_fu_36593_p2   |         +|   0|  0|    23|          16|          16|
    |add_ln813_790_fu_36605_p2   |         +|   0|  0|    16|          16|           9|
    |add_ln813_792_fu_36616_p2   |         +|   0|  0|    20|          13|           8|
    |add_ln813_793_fu_36626_p2   |         +|   0|  0|    16|          16|          16|
    |add_ln813_794_fu_36631_p2   |         +|   0|  0|    16|          16|          16|
    |add_ln813_795_fu_36637_p2   |         +|   0|  0|    16|          16|          16|
    |add_ln813_797_fu_36649_p2   |         +|   0|  0|    22|          15|          15|
    |add_ln813_798_fu_36659_p2   |         +|   0|  0|    16|          16|          16|
    |add_ln813_799_fu_36664_p2   |         +|   0|  0|    20|          13|           8|
    |add_ln813_800_fu_36674_p2   |         +|   0|  0|    21|          14|          14|
    |add_ln813_802_fu_36690_p2   |         +|   0|  0|    16|          16|           9|
    |add_ln813_804_fu_36702_p2   |         +|   0|  0|    16|          16|          16|
    |add_ln813_805_fu_36707_p2   |         +|   0|  0|    22|          15|          10|
    |add_ln813_806_fu_36717_p2   |         +|   0|  0|    23|          16|          16|
    |add_ln813_808_fu_36729_p2   |         +|   0|  0|    23|          16|          16|
    |add_ln813_809_fu_37665_p2   |         +|   0|  0|    16|          16|          16|
    |add_ln813_810_fu_36734_p2   |         +|   0|  0|    16|          16|          16|
    |add_ln813_811_fu_36739_p2   |         +|   0|  0|    20|          13|           8|
    |add_ln813_812_fu_36749_p2   |         +|   0|  0|    16|          16|          16|
    |add_ln813_814_fu_37674_p2   |         +|   0|  0|    16|          16|          16|
    |add_ln813_815_fu_36755_p2   |         +|   0|  0|    22|          15|           8|
    |add_ln813_816_fu_36765_p2   |         +|   0|  0|    23|          16|          16|
    |add_ln813_818_fu_36771_p2   |         +|   0|  0|    20|          13|           8|
    |add_ln813_819_fu_36780_p2   |         +|   0|  0|    16|          16|          16|
    |add_ln813_820_fu_36786_p2   |         +|   0|  0|    23|          16|          16|
    |add_ln813_822_fu_36798_p2   |         +|   0|  0|    23|          16|          16|
    |add_ln813_823_fu_36804_p2   |         +|   0|  0|    16|          16|          16|
    |add_ln813_824_fu_36810_p2   |         +|   0|  0|    16|          16|          16|
    |add_ln813_825_fu_36816_p2   |         +|   0|  0|    19|          12|          10|
    |add_ln813_826_fu_36826_p2   |         +|   0|  0|    16|          16|          16|
    |add_ln813_828_fu_36838_p2   |         +|   0|  0|    16|          16|          16|
    |add_ln813_829_fu_36843_p2   |         +|   0|  0|    19|          12|           7|
    |add_ln813_830_fu_36853_p2   |         +|   0|  0|    22|          15|          15|
    |add_ln813_832_fu_36869_p2   |         +|   0|  0|    23|          16|          16|
    |add_ln813_833_fu_37683_p2   |         +|   0|  0|    16|          16|          16|
    |add_ln813_834_fu_36874_p2   |         +|   0|  0|    21|          14|           8|
    |add_ln813_835_fu_36884_p2   |         +|   0|  0|    23|          16|          16|
    |add_ln813_837_fu_32891_p2   |         +|   0|  0|    19|          12|           9|
    |add_ln813_838_fu_36890_p2   |         +|   0|  0|    23|          16|          16|
    |add_ln813_839_fu_36896_p2   |         +|   0|  0|    23|          16|          16|
    |add_ln813_840_fu_36902_p2   |         +|   0|  0|    16|          16|          16|
    |add_ln813_841_fu_36908_p2   |         +|   0|  0|    16|          16|          16|
    |add_ln813_842_fu_32901_p2   |         +|   0|  0|    21|          14|          14|
    |add_ln813_843_fu_36917_p2   |         +|   0|  0|    16|          16|          16|
    |add_ln813_845_fu_36929_p2   |         +|   0|  0|    23|          16|          16|
    |add_ln813_846_fu_37692_p2   |         +|   0|  0|    16|          16|          16|
    |add_ln813_847_fu_36935_p2   |         +|   0|  0|    22|          15|           9|
    |add_ln813_848_fu_36945_p2   |         +|   0|  0|    23|          16|          16|
    |add_ln813_850_fu_36951_p2   |         +|   0|  0|    23|          16|          16|
    |add_ln813_851_fu_36957_p2   |         +|   0|  0|    16|          16|          16|
    |add_ln813_852_fu_36963_p2   |         +|   0|  0|    16|          16|          16|
    |add_ln813_853_fu_36969_p2   |         +|   0|  0|    19|          12|           7|
    |add_ln813_854_fu_36979_p2   |         +|   0|  0|    16|          16|          16|
    |add_ln813_856_fu_36991_p2   |         +|   0|  0|    21|          14|           9|
    |add_ln813_857_fu_37001_p2   |         +|   0|  0|    16|          16|          16|
    |add_ln813_858_fu_37007_p2   |         +|   0|  0|    22|          15|          15|
    |add_ln813_860_fu_37023_p2   |         +|   0|  0|    23|          16|          16|
    |add_ln813_861_fu_37028_p2   |         +|   0|  0|    16|          16|          16|
    |add_ln813_862_fu_37034_p2   |         +|   0|  0|    22|          15|           8|
    |add_ln813_863_fu_37044_p2   |         +|   0|  0|    23|          16|          16|
    |add_ln813_865_fu_37056_p2   |         +|   0|  0|    16|          16|          16|
    |add_ln813_866_fu_37061_p2   |         +|   0|  0|    22|          15|          10|
    |add_ln813_867_fu_37071_p2   |         +|   0|  0|    23|          16|          16|
    |add_ln813_870_fu_37083_p2   |         +|   0|  0|    21|          14|           6|
    |add_ln813_871_fu_37093_p2   |         +|   0|  0|    16|          16|          16|
    |add_ln813_872_fu_37099_p2   |         +|   0|  0|    22|          15|          15|
    |add_ln813_875_fu_37121_p2   |         +|   0|  0|    23|          16|          16|
    |add_ln813_876_fu_37126_p2   |         +|   0|  0|    16|          16|          16|
    |add_ln813_877_fu_37132_p2   |         +|   0|  0|    16|          16|          16|
    |add_ln813_878_fu_37138_p2   |         +|   0|  0|    19|          12|           9|
    |add_ln813_879_fu_37148_p2   |         +|   0|  0|    16|          16|          16|
    |add_ln813_881_fu_37160_p2   |         +|   0|  0|    23|          16|          16|
    |add_ln813_882_fu_37165_p2   |         +|   0|  0|    22|          15|          15|
    |add_ln813_883_fu_37175_p2   |         +|   0|  0|    23|          16|          16|
    |add_ln813_884_fu_37706_p2   |         +|   0|  0|    16|          16|          16|
    |add_ln813_885_fu_37181_p2   |         +|   0|  0|    21|          14|          14|
    |add_ln813_886_fu_37191_p2   |         +|   0|  0|    19|          12|           9|
    |add_ln813_887_fu_37201_p2   |         +|   0|  0|    20|          13|          13|
    |add_ln813_888_fu_37211_p2   |         +|   0|  0|    22|          15|          15|
    |add_ln813_890_fu_37217_p2   |         +|   0|  0|    16|          16|          16|
    |add_ln813_891_fu_37222_p2   |         +|   0|  0|    22|          15|          15|
    |add_ln813_893_fu_37238_p2   |         +|   0|  0|    16|          16|          16|
    |add_ln813_894_fu_37244_p2   |         +|   0|  0|    22|          15|           8|
    |add_ln813_896_fu_37260_p2   |         +|   0|  0|    16|          16|          16|
    |add_ln813_897_fu_37266_p2   |         +|   0|  0|    21|          14|          10|
    |add_ln813_898_fu_37276_p2   |         +|   0|  0|    23|          16|          16|
    |add_ln813_900_fu_37288_p2   |         +|   0|  0|    23|          16|          16|
    |add_ln813_901_fu_37294_p2   |         +|   0|  0|    16|          16|          16|
    |add_ln813_902_fu_37299_p2   |         +|   0|  0|    22|          15|           9|
    |add_ln813_903_fu_37309_p2   |         +|   0|  0|    23|          16|          16|
    |add_ln813_905_fu_37321_p2   |         +|   0|  0|    16|          16|          16|
    |add_ln813_906_fu_32907_p2   |         +|   0|  0|    20|          13|          13|
    |add_ln813_907_fu_37330_p2   |         +|   0|  0|    22|          15|          15|
    |add_ln813_909_fu_37346_p2   |         +|   0|  0|    23|          16|          16|
    |add_ln813_910_fu_37351_p2   |         +|   0|  0|    16|          16|          16|
    |add_ln813_911_fu_37356_p2   |         +|   0|  0|    20|          13|           9|
    |add_ln813_912_fu_37366_p2   |         +|   0|  0|    23|          16|          16|
    |add_ln813_914_fu_37378_p2   |         +|   0|  0|    23|          16|          16|
    |add_ln813_915_fu_37719_p2   |         +|   0|  0|    16|          16|          16|
    |add_ln813_916_fu_37384_p2   |         +|   0|  0|    16|          16|          16|
    |add_ln813_917_fu_37390_p2   |         +|   0|  0|    19|          12|           9|
    |add_ln813_918_fu_37400_p2   |         +|   0|  0|    16|          16|          16|
    |add_ln813_920_fu_37406_p2   |         +|   0|  0|    23|          16|          16|
    |add_ln813_921_fu_37411_p2   |         +|   0|  0|    23|          16|          16|
    |add_ln813_922_fu_37728_p2   |         +|   0|  0|    16|          16|          16|
    |add_ln813_923_fu_37417_p2   |         +|   0|  0|    16|          16|          16|
    |add_ln813_924_fu_37423_p2   |         +|   0|  0|    22|          15|           7|
    |add_ln813_925_fu_37433_p2   |         +|   0|  0|    23|          16|          16|
    |add_ln813_926_fu_37439_p2   |         +|   0|  0|    16|          16|          16|
    |add_ln813_928_fu_37445_p2   |         +|   0|  0|    16|          16|          16|
    |add_ln813_929_fu_37451_p2   |         +|   0|  0|    19|          12|           9|
    |add_ln813_930_fu_37461_p2   |         +|   0|  0|    22|          15|          15|
    |add_ln813_932_fu_37477_p2   |         +|   0|  0|    23|          16|          16|
    |add_ln813_933_fu_37737_p2   |         +|   0|  0|    16|          16|          16|
    |add_ln813_934_fu_37483_p2   |         +|   0|  0|    16|          16|          16|
    |add_ln813_935_fu_37489_p2   |         +|   0|  0|    22|          15|           9|
    |add_ln813_936_fu_37499_p2   |         +|   0|  0|    16|          16|          16|
    |add_ln813_938_fu_37505_p2   |         +|   0|  0|    23|          16|          16|
    |add_ln813_939_fu_37511_p2   |         +|   0|  0|    22|          15|          15|
    |add_ln813_940_fu_37521_p2   |         +|   0|  0|    16|          16|          16|
    |add_ln813_941_fu_32913_p2   |         +|   0|  0|    20|          13|          13|
    |add_ln813_942_fu_32923_p2   |         +|   0|  0|    20|          13|           8|
    |add_ln813_943_fu_32933_p2   |         +|   0|  0|    21|          14|          14|
    |add_ln813_945_fu_37536_p2   |         +|   0|  0|    16|          16|          16|
    |add_ln813_946_fu_37541_p2   |         +|   0|  0|    20|          13|          13|
    |add_ln813_947_fu_37550_p2   |         +|   0|  0|    23|          16|          16|
    |add_ln813_949_fu_37746_p2   |         +|   0|  0|    16|          16|          16|
    |add_ln813_950_fu_37562_p2   |         +|   0|  0|    21|          14|           9|
    |add_ln813_951_fu_37572_p2   |         +|   0|  0|    22|          15|          15|
    |r_V_624_fu_33123_p2         |         +|   0|  0|    27|          20|          20|
    |r_V_630_fu_33231_p2         |         +|   0|  0|    27|          20|          20|
    |r_V_634_fu_33334_p2         |         +|   0|  0|    27|          20|          20|
    |r_V_655_fu_33845_p2         |         +|   0|  0|    27|          20|          20|
    |r_V_666_fu_34111_p2         |         +|   0|  0|    27|          20|          20|
    |r_V_673_fu_34205_p2         |         +|   0|  0|    27|          20|          20|
    |r_V_676_fu_32424_p2         |         +|   0|  0|    26|          19|          19|
    |r_V_681_fu_34335_p2         |         +|   0|  0|    27|          20|          20|
    |r_V_689_fu_34546_p2         |         +|   0|  0|    26|          19|          19|
    |r_V_701_fu_32625_p2         |         +|   0|  0|    26|          19|          19|
    |r_V_707_fu_34840_p2         |         +|   0|  0|    26|          19|          19|
    |r_V_717_fu_35092_p2         |         +|   0|  0|    27|          20|          20|
    |r_V_724_fu_35241_p2         |         +|   0|  0|    27|          20|          20|
    |r_V_735_fu_35482_p2         |         +|   0|  0|    26|          19|          19|
    |r_V_741_fu_35666_p2         |         +|   0|  0|    27|          20|          20|
    |r_V_746_fu_35815_p2         |         +|   0|  0|    28|          21|          21|
    |r_V_747_fu_35845_p2         |         +|   0|  0|    28|          21|          21|
    |r_V_751_fu_35907_p2         |         +|   0|  0|    27|          20|          20|
    |r_V_752_fu_35930_p2         |         +|   0|  0|    27|          20|          20|
    |r_V_755_fu_35982_p2         |         +|   0|  0|    28|          21|          21|
    |r_V_760_fu_36058_p2         |         +|   0|  0|    28|          21|          21|
    |res_V_100_fu_37017_p2       |         +|   0|  0|    16|          16|          16|
    |res_V_101_fu_36611_p2       |         +|   0|  0|    16|          16|          16|
    |res_V_102_fu_37050_p2       |         +|   0|  0|    16|          16|          16|
    |res_V_103_fu_37556_p2       |         +|   0|  0|    16|          16|          16|
    |res_V_104_fu_37077_p2       |         +|   0|  0|    16|          16|          16|
    |res_V_105_fu_37655_p2       |         +|   0|  0|    16|          16|          16|
    |res_V_106_fu_37701_p2       |         +|   0|  0|    23|          16|           9|
    |res_V_108_fu_37109_p2       |         +|   0|  0|    16|          16|          16|
    |res_V_109_fu_37115_p2       |         +|   0|  0|    23|          16|          16|
    |res_V_110_fu_37154_p2       |         +|   0|  0|    16|          16|          16|
    |res_V_111_fu_37637_p2       |         +|   0|  0|    16|          16|          16|
    |res_V_112_fu_37713_p2       |         +|   0|  0|    16|          16|          16|
    |res_V_113_fu_36475_p2       |         +|   0|  0|    16|          16|          16|
    |res_V_114_fu_36599_p2       |         +|   0|  0|    16|          16|          16|
    |res_V_115_fu_37753_p2       |         +|   0|  0|    16|          16|          16|
    |res_V_116_fu_36347_p2       |         +|   0|  0|    16|          16|          16|
    |res_V_59_fu_36497_p2        |         +|   0|  0|    16|          16|          16|
    |res_V_60_fu_36684_p2        |         +|   0|  0|    16|          16|          16|
    |res_V_61_fu_37232_p2        |         +|   0|  0|    16|          16|          16|
    |res_V_62_fu_36519_p2        |         +|   0|  0|    16|          16|          16|
    |res_V_63_fu_36388_p2        |         +|   0|  0|    16|          16|          16|
    |res_V_64_fu_36696_p2        |         +|   0|  0|    16|          16|          16|
    |res_V_65_fu_37254_p2        |         +|   0|  0|    16|          16|          16|
    |res_V_66_fu_37282_p2        |         +|   0|  0|    16|          16|          16|
    |res_V_67_fu_36541_p2        |         +|   0|  0|    16|          16|          16|
    |res_V_68_fu_36578_p2        |         +|   0|  0|    16|          16|          16|
    |res_V_69_fu_37315_p2        |         +|   0|  0|    16|          16|          16|
    |res_V_70_fu_37600_p2        |         +|   0|  0|    23|          16|           7|
    |res_V_71_fu_36723_p2        |         +|   0|  0|    16|          16|          16|
    |res_V_72_fu_37669_p2        |         +|   0|  0|    16|          16|          16|
    |res_V_73_fu_37660_p2        |         +|   0|  0|    23|          16|          16|
    |res_V_74_fu_37340_p2        |         +|   0|  0|    16|          16|          16|
    |res_V_75_fu_36240_p2        |         +|   0|  0|    16|          16|          16|
    |res_V_76_fu_36420_p2        |         +|   0|  0|    16|          16|          16|
    |res_V_77_fu_37628_p2        |         +|   0|  0|    16|          16|          16|
    |res_V_78_fu_37372_p2        |         +|   0|  0|    16|          16|          16|
    |res_V_79_fu_37678_p2        |         +|   0|  0|    16|          16|          16|
    |res_V_80_fu_37723_p2        |         +|   0|  0|    16|          16|          16|
    |res_V_81_fu_37617_p2        |         +|   0|  0|    16|          16|          16|
    |res_V_82_fu_36792_p2        |         +|   0|  0|    16|          16|          16|
    |res_V_83_fu_37732_p2        |         +|   0|  0|    16|          16|          16|
    |res_V_84_fu_37471_p2        |         +|   0|  0|    16|          16|          16|
    |res_V_85_fu_36211_p2        |         +|   0|  0|    16|          16|          16|
    |res_V_86_fu_36326_p2        |         +|   0|  0|    23|          16|          16|
    |res_V_87_fu_37606_p2        |         +|   0|  0|    23|          16|          10|
    |res_V_88_fu_37741_p2        |         +|   0|  0|    16|          16|          16|
    |res_V_89_fu_36832_p2        |         +|   0|  0|    16|          16|          16|
    |res_V_90_fu_36863_p2        |         +|   0|  0|    16|          16|          16|
    |res_V_91_fu_37530_p2        |         +|   0|  0|    16|          16|          16|
    |res_V_92_fu_37646_p2        |         +|   0|  0|    16|          16|          16|
    |res_V_93_fu_37687_p2        |         +|   0|  0|    16|          16|          16|
    |res_V_94_fu_36359_p2        |         +|   0|  0|    16|          16|          16|
    |res_V_95_fu_36923_p2        |         +|   0|  0|    16|          16|          16|
    |res_V_96_fu_36272_p2        |         +|   0|  0|    16|          16|          16|
    |res_V_97_fu_36300_p2        |         +|   0|  0|    16|          16|          16|
    |res_V_98_fu_37696_p2        |         +|   0|  0|    16|          16|          16|
    |res_V_99_fu_36985_p2        |         +|   0|  0|    16|          16|          16|
    |res_V_fu_36643_p2           |         +|   0|  0|    16|          16|          16|
    |r_V_620_fu_33016_p2         |         -|   0|  0|    28|          21|          21|
    |r_V_621_fu_33063_p2         |         -|   0|  0|    20|          20|          20|
    |r_V_622_fu_33083_p2         |         -|   0|  0|    25|           1|          18|
    |r_V_623_fu_33103_p2         |         -|   0|  0|    26|          19|          19|
    |r_V_626_fu_33143_p2         |         -|   0|  0|    27|          20|          20|
    |r_V_627_fu_33163_p2         |         -|   0|  0|    28|          21|          21|
    |r_V_628_fu_32272_p2         |         -|   0|  0|    25|           1|          18|
    |r_V_629_fu_33204_p2         |         -|   0|  0|    28|          21|          21|
    |r_V_631_fu_33251_p2         |         -|   0|  0|    27|          20|          20|
    |r_V_632_fu_33278_p2         |         -|   0|  0|    26|          19|          19|
    |r_V_633_fu_33314_p2         |         -|   0|  0|    27|          20|          20|
    |r_V_635_fu_33308_p2         |         -|   0|  0|    27|           1|          20|
    |r_V_636_fu_33381_p2         |         -|   0|  0|    27|           1|          20|
    |r_V_637_fu_33420_p2         |         -|   0|  0|    25|           1|          18|
    |r_V_638_fu_33440_p2         |         -|   0|  0|    27|          20|          20|
    |r_V_639_fu_33471_p2         |         -|   0|  0|    28|          21|          21|
    |r_V_641_fu_33517_p2         |         -|   0|  0|    27|          20|          20|
    |r_V_642_fu_33543_p2         |         -|   0|  0|    28|          21|          21|
    |r_V_643_fu_33558_p2         |         -|   0|  0|    28|          21|          21|
    |r_V_644_fu_33573_p2         |         -|   0|  0|    27|          20|          20|
    |r_V_645_fu_33599_p2         |         -|   0|  0|    28|          21|          21|
    |r_V_647_fu_33625_p2         |         -|   0|  0|    27|          20|          20|
    |r_V_648_fu_33693_p2         |         -|   0|  0|    28|          21|          21|
    |r_V_649_fu_33709_p2         |         -|   0|  0|    25|           1|          18|
    |r_V_650_fu_33668_p2         |         -|   0|  0|    28|           1|          21|
    |r_V_651_fu_33754_p2         |         -|   0|  0|    27|          20|          20|
    |r_V_652_fu_33785_p2         |         -|   0|  0|    26|          19|          19|
    |r_V_653_fu_33812_p2         |         -|   0|  0|    28|          21|          21|
    |r_V_654_fu_32311_p2         |         -|   0|  0|    24|           1|          17|
    |r_V_656_fu_33879_p2         |         -|   0|  0|    20|          20|          20|
    |r_V_658_fu_33912_p2         |         -|   0|  0|    28|          21|          21|
    |r_V_659_fu_33928_p2         |         -|   0|  0|    28|           1|          21|
    |r_V_660_fu_33960_p2         |         -|   0|  0|    19|          19|          19|
    |r_V_661_fu_34001_p2         |         -|   0|  0|    26|          19|          19|
    |r_V_662_fu_34032_p2         |         -|   0|  0|    27|           1|          20|
    |r_V_663_fu_34069_p2         |         -|   0|  0|    28|          21|          21|
    |r_V_665_fu_34084_p2         |         -|   0|  0|    28|          21|          21|
    |r_V_667_fu_34131_p2         |         -|   0|  0|    27|          20|          20|
    |r_V_668_fu_32346_p2         |         -|   0|  0|    24|           1|          17|
    |r_V_669_fu_34151_p2         |         -|   0|  0|    28|          21|          21|
    |r_V_670_fu_34166_p2         |         -|   0|  0|    27|          20|          20|
    |r_V_671_fu_34186_p2         |         -|   0|  0|    28|          21|          21|
    |r_V_674_fu_32397_p2         |         -|   0|  0|    24|           1|          17|
    |r_V_675_fu_34242_p2         |         -|   0|  0|    27|          20|          20|
    |r_V_679_fu_34285_p2         |         -|   0|  0|    20|          20|          20|
    |r_V_680_fu_34319_p2         |         -|   0|  0|    28|           1|          21|
    |r_V_682_fu_34355_p2         |         -|   0|  0|    27|          20|          20|
    |r_V_683_fu_34396_p2         |         -|   0|  0|    26|          19|          19|
    |r_V_684_fu_32463_p2         |         -|   0|  0|    24|           1|          17|
    |r_V_685_fu_34430_p2         |         -|   0|  0|    27|          20|          20|
    |r_V_686_fu_34461_p2         |         -|   0|  0|    28|          21|          21|
    |r_V_687_fu_34483_p2         |         -|   0|  0|    19|          19|          19|
    |r_V_688_fu_34520_p2         |         -|   0|  0|    20|          20|          20|
    |r_V_690_fu_34572_p2         |         -|   0|  0|    24|           1|          17|
    |r_V_691_fu_32507_p2         |         -|   0|  0|    27|          20|          20|
    |r_V_693_fu_34606_p2         |         -|   0|  0|    26|           1|          19|
    |r_V_694_fu_32548_p2         |         -|   0|  0|    25|           1|          18|
    |r_V_695_fu_34630_p2         |         -|   0|  0|    26|          19|          19|
    |r_V_696_fu_32568_p2         |         -|   0|  0|    27|          20|          20|
    |r_V_697_fu_34653_p2         |         -|   0|  0|    26|          19|          19|
    |r_V_698_fu_34690_p2         |         -|   0|  0|    27|          20|          20|
    |r_V_699_fu_34724_p2         |         -|   0|  0|    27|          20|          20|
    |r_V_700_fu_32594_p2         |         -|   0|  0|    24|           1|          17|
    |r_V_702_fu_34750_p2         |         -|   0|  0|    27|          20|          20|
    |r_V_703_fu_32641_p2         |         -|   0|  0|    26|          19|          19|
    |r_V_704_fu_32657_p2         |         -|   0|  0|    26|           1|          19|
    |r_V_706_fu_34805_p2         |         -|   0|  0|    27|          20|          20|
    |r_V_708_fu_34871_p2         |         -|   0|  0|    28|          21|          21|
    |r_V_709_fu_34893_p2         |         -|   0|  0|    19|          19|          19|
    |r_V_710_fu_34913_p2         |         -|   0|  0|    26|          19|          19|
    |r_V_711_fu_34933_p2         |         -|   0|  0|    25|           1|          18|
    |r_V_712_fu_34953_p2         |         -|   0|  0|    27|          20|          20|
    |r_V_713_fu_34990_p2         |         -|   0|  0|    27|           1|          20|
    |r_V_714_fu_35021_p2         |         -|   0|  0|    26|          19|          19|
    |r_V_715_fu_35056_p2         |         -|   0|  0|    27|          20|          20|
    |r_V_716_fu_35076_p2         |         -|   0|  0|    27|          20|          20|
    |r_V_718_fu_35112_p2         |         -|   0|  0|    27|          20|          20|
    |r_V_720_fu_35138_p2         |         -|   0|  0|    19|          19|          19|
    |r_V_722_fu_35175_p2         |         -|   0|  0|    27|          20|          20|
    |r_V_723_fu_35206_p2         |         -|   0|  0|    26|          19|          19|
    |r_V_725_fu_35261_p2         |         -|   0|  0|    25|           1|          18|
    |r_V_727_fu_35284_p2         |         -|   0|  0|    27|           1|          20|
    |r_V_728_fu_35307_p2         |         -|   0|  0|    27|          20|          20|
    |r_V_729_fu_35327_p2         |         -|   0|  0|    27|          20|          20|
    |r_V_730_fu_35353_p2         |         -|   0|  0|    19|          19|          19|
    |r_V_731_fu_35373_p2         |         -|   0|  0|    27|          20|          20|
    |r_V_732_fu_35405_p2         |         -|   0|  0|    24|           1|          17|
    |r_V_733_fu_35439_p2         |         -|   0|  0|    26|           1|          19|
    |r_V_734_fu_35459_p2         |         -|   0|  0|    26|          19|          19|
    |r_V_736_fu_35513_p2         |         -|   0|  0|    27|          20|          20|
    |r_V_737_fu_35533_p2         |         -|   0|  0|    26|          19|          19|
    |r_V_738_fu_35564_p2         |         -|   0|  0|    25|           1|          18|
    |r_V_739_fu_35599_p2         |         -|   0|  0|    28|          21|          21|
    |r_V_740_fu_35640_p2         |         -|   0|  0|    27|          20|          20|
    |r_V_742_fu_35686_p2         |         -|   0|  0|    27|          20|          20|
    |r_V_743_fu_35706_p2         |         -|   0|  0|    27|          20|          20|
    |r_V_744_fu_35739_p2         |         -|   0|  0|    28|          21|          21|
    |r_V_745_fu_35784_p2         |         -|   0|  0|    27|          20|          20|
    |r_V_749_fu_35871_p2         |         -|   0|  0|    27|          20|          20|
    |r_V_750_fu_35891_p2         |         -|   0|  0|    28|           1|          21|
    |r_V_753_fu_35950_p2         |         -|   0|  0|    28|          21|          21|
    |r_V_754_fu_35966_p2         |         -|   0|  0|    28|          21|          21|
    |r_V_756_fu_35998_p2         |         -|   0|  0|    25|           1|          18|
    |r_V_757_fu_36024_p2         |         -|   0|  0|    19|          19|          19|
    |r_V_759_fu_32833_p2         |         -|   0|  0|    19|          19|          19|
    |r_V_761_fu_36099_p2         |         -|   0|  0|    27|          20|          20|
    |r_V_762_fu_36119_p2         |         -|   0|  0|    28|          21|          21|
    |r_V_763_fu_36134_p2         |         -|   0|  0|    28|           1|          21|
    |r_V_764_fu_36150_p2         |         -|   0|  0|    28|          21|          21|
    |r_V_765_fu_32849_p2         |         -|   0|  0|    26|          19|          19|
    |r_V_766_fu_36175_p2         |         -|   0|  0|    20|          20|          20|
    |r_V_fu_32980_p2             |         -|   0|  0|    28|          21|          21|
    |sub_ln1273_324_fu_33042_p2  |         -|   0|  0|    20|           1|          20|
    |sub_ln1273_340_fu_33537_p2  |         -|   0|  0|    28|           1|          21|
    |sub_ln1273_350_fu_33873_p2  |         -|   0|  0|    20|           1|          20|
    |sub_ln1273_354_fu_33954_p2  |         -|   0|  0|    19|           1|          19|
    |sub_ln1273_358_fu_34063_p2  |         -|   0|  0|    28|           1|          21|
    |sub_ln1273_367_fu_34268_p2  |         -|   0|  0|    20|           1|          20|
    |sub_ln1273_375_fu_34477_p2  |         -|   0|  0|    19|           1|          19|
    |sub_ln1273_377_fu_34503_p2  |         -|   0|  0|    20|           1|          20|
    |sub_ln1273_380_fu_32501_p2  |         -|   0|  0|    27|           1|          20|
    |sub_ln1273_392_fu_34887_p2  |         -|   0|  0|    19|           1|          19|
    |sub_ln1273_401_fu_35132_p2  |         -|   0|  0|    19|           1|          19|
    |sub_ln1273_408_fu_35347_p2  |         -|   0|  0|    19|           1|          19|
    |sub_ln1273_426_fu_36018_p2  |         -|   0|  0|    19|           1|          19|
    |sub_ln1273_428_fu_32827_p2  |         -|   0|  0|    19|           1|          19|
    |sub_ln1273_434_fu_36169_p2  |         -|   0|  0|    20|           1|          20|
    |sub_ln1273_fu_32959_p2      |         -|   0|  0|    28|           1|          21|
    |ap_block_state1             |        or|   0|  0|     2|           1|           1|
    |or_ln77_fu_37855_p2         |        or|   0|  0|  1023|        1024|         552|
    |xor_ln813_fu_36320_p2       |       xor|   0|  0|     2|           1|           1|
    +----------------------------+----------+----+---+------+------------+------------+
    |Total                       |          |   0|  0|  9195|        6763|        6797|
    +----------------------------+----------+----+---+------+------------+------------+

    * Multiplexer: 
    +------------------+----+-----------+-----+-----------+
    |       Name       | LUT| Input Size| Bits| Total Bits|
    +------------------+----+-----------+-----+-----------+
    |ap_NS_fsm         |  26|          5|    1|          5|
    |ap_done           |   9|          2|    1|          2|
    |input_r_blk_n     |   9|          2|    1|          2|
    |layer2_out_blk_n  |   9|          2|    1|          2|
    |real_start        |   9|          2|    1|          2|
    +------------------+----+-----------+-----+-----------+
    |Total             |  62|         13|    5|         13|
    +------------------+----+-----------+-----+-----------+

    * Register: 
    +---------------------------+----+----+-----+-----------+
    |            Name           | FF | LUT| Bits| Const Bits|
    +---------------------------+----+----+-----+-----------+
    |add_ln813_749_reg_38537    |  16|   0|   16|          0|
    |add_ln813_760_reg_38552    |  16|   0|   16|          0|
    |add_ln813_762_reg_38557    |  16|   0|   16|          0|
    |add_ln813_766_reg_38562    |  16|   0|   16|          0|
    |add_ln813_787_reg_38379    |  15|   0|   15|          0|
    |add_ln813_808_reg_38623    |  16|   0|   16|          0|
    |add_ln813_812_reg_38628    |  16|   0|   16|          0|
    |add_ln813_816_reg_38633    |  16|   0|   16|          0|
    |add_ln813_832_reg_38653    |  16|   0|   16|          0|
    |add_ln813_835_reg_38658    |  16|   0|   16|          0|
    |add_ln813_842_reg_38384    |  14|   0|   14|          0|
    |add_ln813_845_reg_38668    |  16|   0|   16|          0|
    |add_ln813_848_reg_38673    |  16|   0|   16|          0|
    |add_ln813_881_reg_38713    |  16|   0|   16|          0|
    |add_ln813_883_reg_38718    |  16|   0|   16|          0|
    |add_ln813_888_reg_38723    |  15|   0|   15|          0|
    |add_ln813_906_reg_38389    |  13|   0|   13|          0|
    |add_ln813_914_reg_38758    |  16|   0|   16|          0|
    |add_ln813_918_reg_38763    |  16|   0|   16|          0|
    |add_ln813_920_reg_38768    |  16|   0|   16|          0|
    |add_ln813_921_reg_38773    |  16|   0|   16|          0|
    |add_ln813_926_reg_38778    |  16|   0|   16|          0|
    |add_ln813_932_reg_38788    |  16|   0|   16|          0|
    |add_ln813_936_reg_38793    |  16|   0|   16|          0|
    |add_ln813_943_reg_38394    |  14|   0|   14|          0|
    |add_ln813_951_reg_38808    |  15|   0|   15|          0|
    |ap_CS_fsm                  |   4|   0|    4|          0|
    |ap_done_reg                |   1|   0|    1|          0|
    |data_V_150_reg_37917       |  16|   0|   16|          0|
    |data_V_151_reg_37928       |  16|   0|   16|          0|
    |data_V_152_reg_37937       |  16|   0|   16|          0|
    |data_V_153_reg_37950       |  16|   0|   16|          0|
    |data_V_154_reg_37962       |  16|   0|   16|          0|
    |data_V_155_reg_37974       |  16|   0|   16|          0|
    |data_V_156_reg_37985       |  16|   0|   16|          0|
    |data_V_157_reg_37996       |  16|   0|   16|          0|
    |data_V_158_reg_38007       |  16|   0|   16|          0|
    |data_V_159_reg_38016       |  16|   0|   16|          0|
    |data_V_160_reg_38026       |  16|   0|   16|          0|
    |data_V_161_reg_38036       |  16|   0|   16|          0|
    |data_V_162_reg_38048       |  16|   0|   16|          0|
    |data_V_163_reg_37890       |  16|   0|   16|          0|
    |data_V_164_reg_37902       |  16|   0|   16|          0|
    |data_V_reg_37879           |  16|   0|   16|          0|
    |mult_V_299_reg_38178       |  16|   0|   16|          0|
    |mult_V_301_reg_38399       |  16|   0|   16|          0|
    |mult_V_302_reg_38405       |  16|   0|   16|          0|
    |mult_V_308_reg_38183       |  16|   0|   16|          0|
    |mult_V_311_reg_38194       |  13|   0|   13|          0|
    |mult_V_314_reg_38410       |  15|   0|   15|          0|
    |mult_V_316_reg_38415       |  16|   0|   16|          0|
    |mult_V_318_reg_38060       |  12|   0|   12|          0|
    |mult_V_320_reg_38420       |  15|   0|   15|          0|
    |mult_V_321_reg_38065       |  15|   0|   15|          0|
    |mult_V_322_reg_38070       |  11|   0|   11|          0|
    |mult_V_327_reg_38425       |  16|   0|   16|          0|
    |mult_V_328_reg_38430       |  16|   0|   16|          0|
    |mult_V_329_reg_38215       |  16|   0|   16|          0|
    |mult_V_330_reg_38435       |  16|   0|   16|          0|
    |mult_V_332_reg_38440       |  16|   0|   16|          0|
    |mult_V_333_reg_38445       |  16|   0|   16|          0|
    |mult_V_335_reg_38075       |  12|   0|   12|          0|
    |mult_V_336_reg_38080       |  13|   0|   13|          0|
    |mult_V_338_reg_38451       |  16|   0|   16|          0|
    |mult_V_346_reg_38456       |  16|   0|   16|          0|
    |mult_V_347_reg_38220       |  12|   0|   12|          0|
    |mult_V_350_reg_38461       |  16|   0|   16|          0|
    |mult_V_351_reg_37912       |  15|   0|   15|          0|
    |mult_V_354_reg_38466       |  16|   0|   16|          0|
    |mult_V_359_reg_38231       |  16|   0|   16|          0|
    |mult_V_367_reg_38237       |  16|   0|   16|          0|
    |mult_V_368_reg_38242       |  16|   0|   16|          0|
    |mult_V_369_reg_38085       |  12|   0|   12|          0|
    |mult_V_371_reg_38247       |  12|   0|   12|          0|
    |mult_V_373_reg_38252       |  14|   0|   14|          0|
    |mult_V_374_reg_38258       |  16|   0|   16|          0|
    |mult_V_375_reg_38263       |  16|   0|   16|          0|
    |mult_V_377_reg_38090       |  11|   0|   11|          0|
    |mult_V_382_reg_38095       |  14|   0|   14|          0|
    |mult_V_388_reg_38100       |  13|   0|   13|          0|
    |mult_V_389_reg_38105       |  11|   0|   11|          0|
    |mult_V_392_reg_38269       |  15|   0|   15|          0|
    |mult_V_393_reg_38274       |  16|   0|   16|          0|
    |mult_V_397_reg_38279       |  15|   0|   15|          0|
    |mult_V_399_reg_38110       |  11|   0|   11|          0|
    |mult_V_401_reg_38115       |  14|   0|   14|          0|
    |mult_V_404_reg_38284       |  14|   0|   14|          0|
    |mult_V_406_reg_38290       |  14|   0|   14|          0|
    |mult_V_407_reg_38120       |  11|   0|   11|          0|
    |mult_V_409_reg_38295       |  16|   0|   16|          0|
    |mult_V_411_reg_38125       |  12|   0|   12|          0|
    |mult_V_421_reg_38476       |  15|   0|   15|          0|
    |mult_V_424_reg_38300       |  16|   0|   16|          0|
    |mult_V_427_reg_38305       |  16|   0|   16|          0|
    |mult_V_432_reg_38310       |  16|   0|   16|          0|
    |mult_V_433_reg_38135       |  11|   0|   11|          0|
    |mult_V_435_reg_38140       |  14|   0|   14|          0|
    |mult_V_441_reg_38145       |  13|   0|   13|          0|
    |mult_V_444_reg_38150       |  11|   0|   11|          0|
    |mult_V_445_reg_38481       |  14|   0|   14|          0|
    |mult_V_451_reg_38155       |  12|   0|   12|          0|
    |mult_V_452_reg_38160       |  11|   0|   11|          0|
    |mult_V_456_reg_38322       |  16|   0|   16|          0|
    |mult_V_457_reg_38327       |  16|   0|   16|          0|
    |mult_V_462_reg_38332       |  16|   0|   16|          0|
    |mult_V_463_reg_38337       |  16|   0|   16|          0|
    |mult_V_464_reg_38486       |  16|   0|   16|          0|
    |mult_V_466_reg_38491       |  16|   0|   16|          0|
    |mult_V_468_reg_38165       |  15|   0|   15|          0|
    |mult_V_470_reg_38342       |  16|   0|   16|          0|
    |mult_V_471_reg_38347       |  16|   0|   16|          0|
    |mult_V_477_reg_38359       |  16|   0|   16|          0|
    |mult_V_478_reg_38364       |  14|   0|   14|          0|
    |mult_V_484_reg_38369       |  14|   0|   14|          0|
    |mult_V_486_reg_38374       |  16|   0|   16|          0|
    |mult_V_487_reg_38497       |  16|   0|   16|          0|
    |mult_V_488_reg_38130       |  13|   0|   13|          0|
    |mult_V_reg_38055           |  12|   0|   12|          0|
    |res_V_100_reg_38683        |  16|   0|   16|          0|
    |res_V_101_reg_38597        |  16|   0|   16|          0|
    |res_V_102_reg_38688        |  16|   0|   16|          0|
    |res_V_103_reg_38803        |  16|   0|   16|          0|
    |res_V_104_reg_38693        |  16|   0|   16|          0|
    |res_V_108_reg_38698        |  16|   0|   16|          0|
    |res_V_109_reg_38703        |  16|   0|   16|          0|
    |res_V_110_reg_38708        |  16|   0|   16|          0|
    |res_V_113_reg_38567        |  16|   0|   16|          0|
    |res_V_114_reg_38592        |  16|   0|   16|          0|
    |res_V_116_reg_38527        |  16|   0|   16|          0|
    |res_V_59_reg_38572         |  16|   0|   16|          0|
    |res_V_60_reg_38608         |  16|   0|   16|          0|
    |res_V_61_reg_38728         |  16|   0|   16|          0|
    |res_V_62_reg_38577         |  16|   0|   16|          0|
    |res_V_63_reg_38542         |  16|   0|   16|          0|
    |res_V_64_reg_38613         |  16|   0|   16|          0|
    |res_V_65_reg_38733         |  16|   0|   16|          0|
    |res_V_66_reg_38738         |  16|   0|   16|          0|
    |res_V_67_reg_38582         |  16|   0|   16|          0|
    |res_V_68_reg_38587         |  16|   0|   16|          0|
    |res_V_69_reg_38743         |  16|   0|   16|          0|
    |res_V_71_reg_38618         |  16|   0|   16|          0|
    |res_V_74_reg_38748         |  16|   0|   16|          0|
    |res_V_75_reg_38507         |  16|   0|   16|          0|
    |res_V_76_reg_38547         |  16|   0|   16|          0|
    |res_V_78_reg_38753         |  16|   0|   16|          0|
    |res_V_82_reg_38638         |  16|   0|   16|          0|
    |res_V_84_reg_38783         |  16|   0|   16|          0|
    |res_V_85_reg_38502         |  16|   0|   16|          0|
    |res_V_89_reg_38643         |  16|   0|   16|          0|
    |res_V_90_reg_38648         |  16|   0|   16|          0|
    |res_V_91_reg_38798         |  16|   0|   16|          0|
    |res_V_94_reg_38532         |  16|   0|   16|          0|
    |res_V_95_reg_38663         |  16|   0|   16|          0|
    |res_V_96_reg_38512         |  16|   0|   16|          0|
    |res_V_97_reg_38517         |  16|   0|   16|          0|
    |res_V_99_reg_38678         |  16|   0|   16|          0|
    |res_V_reg_38602            |  16|   0|   16|          0|
    |sext_ln1270_18_reg_38225   |  21|   0|   21|          0|
    |sext_ln1273_162_reg_38315  |  21|   0|   21|          0|
    |sext_ln1273_172_reg_38352  |  21|   0|   21|          0|
    |sext_ln1273_67_reg_38205   |  21|   0|   21|          0|
    |sext_ln17_88_reg_38199     |  13|   0|   13|          0|
    |sext_ln818_32_reg_38170    |  21|   0|   21|          0|
    |sext_ln818_63_reg_38471    |  16|   0|   16|          0|
    |shl_ln1273_240_reg_38188   |  16|   0|   17|          1|
    |start_once_reg             |   1|   0|    1|          0|
    |tmp_s_reg_38813            |  15|   0|   15|          0|
    |xor_ln813_reg_38522        |   1|   0|    1|          0|
    +---------------------------+----+----+-----+-----------+
    |Total                      |2529|   0| 2530|          1|
    +---------------------------+----+----+-----+-----------+



================================================================
== Interface
================================================================
* Summary: 
+---------------------------+-----+------+------------+--------------------------------------------------------------------+--------------+
|         RTL Ports         | Dir | Bits |  Protocol  |                            Source Object                           |    C Type    |
+---------------------------+-----+------+------------+--------------------------------------------------------------------+--------------+
|ap_clk                     |   in|     1|  ap_ctrl_hs|  dense<array<ap_fixed,16u>,array<ap_fixed<16,6,5,3,0>,64u>,config2>|  return value|
|ap_rst                     |   in|     1|  ap_ctrl_hs|  dense<array<ap_fixed,16u>,array<ap_fixed<16,6,5,3,0>,64u>,config2>|  return value|
|ap_start                   |   in|     1|  ap_ctrl_hs|  dense<array<ap_fixed,16u>,array<ap_fixed<16,6,5,3,0>,64u>,config2>|  return value|
|start_full_n               |   in|     1|  ap_ctrl_hs|  dense<array<ap_fixed,16u>,array<ap_fixed<16,6,5,3,0>,64u>,config2>|  return value|
|ap_done                    |  out|     1|  ap_ctrl_hs|  dense<array<ap_fixed,16u>,array<ap_fixed<16,6,5,3,0>,64u>,config2>|  return value|
|ap_continue                |   in|     1|  ap_ctrl_hs|  dense<array<ap_fixed,16u>,array<ap_fixed<16,6,5,3,0>,64u>,config2>|  return value|
|ap_idle                    |  out|     1|  ap_ctrl_hs|  dense<array<ap_fixed,16u>,array<ap_fixed<16,6,5,3,0>,64u>,config2>|  return value|
|ap_ready                   |  out|     1|  ap_ctrl_hs|  dense<array<ap_fixed,16u>,array<ap_fixed<16,6,5,3,0>,64u>,config2>|  return value|
|start_out                  |  out|     1|  ap_ctrl_hs|  dense<array<ap_fixed,16u>,array<ap_fixed<16,6,5,3,0>,64u>,config2>|  return value|
|start_write                |  out|     1|  ap_ctrl_hs|  dense<array<ap_fixed,16u>,array<ap_fixed<16,6,5,3,0>,64u>,config2>|  return value|
|input_r_dout               |   in|   256|     ap_fifo|                                                             input_r|       pointer|
|input_r_num_data_valid     |   in|     2|     ap_fifo|                                                             input_r|       pointer|
|input_r_fifo_cap           |   in|     2|     ap_fifo|                                                             input_r|       pointer|
|input_r_empty_n            |   in|     1|     ap_fifo|                                                             input_r|       pointer|
|input_r_read               |  out|     1|     ap_fifo|                                                             input_r|       pointer|
|layer2_out_din             |  out|  1024|     ap_fifo|                                                          layer2_out|       pointer|
|layer2_out_num_data_valid  |   in|     2|     ap_fifo|                                                          layer2_out|       pointer|
|layer2_out_fifo_cap        |   in|     2|     ap_fifo|                                                          layer2_out|       pointer|
|layer2_out_full_n          |   in|     1|     ap_fifo|                                                          layer2_out|       pointer|
|layer2_out_write           |  out|     1|     ap_fifo|                                                          layer2_out|       pointer|
+---------------------------+-----+------+------------+--------------------------------------------------------------------+--------------+

