

================================================================
== Vitis HLS Report for 'dense_latency_ap_fixed_16_6_5_3_0_ap_fixed_16_6_5_3_0_config2_s'
================================================================
* Date:           Fri Mar  8 07:13:04 2024

* Version:        2022.2 (Build 3670227 on Oct 13 2022)
* Project:        alveo_hls4ml
* Solution:       solution (Vitis Kernel Flow Target)
* Product family: virtexuplus
* Target device:  xcu55c-fsvh2892-2L-e


================================================================
== Performance Estimates
================================================================
+ Timing: 
    * Summary: 
    +--------+---------+----------+------------+
    |  Clock |  Target | Estimated| Uncertainty|
    +--------+---------+----------+------------+
    |ap_clk  |  3.33 ns|  2.387 ns|     0.90 ns|
    +--------+---------+----------+------------+

+ Latency: 
    * Summary: 
    +---------+---------+----------+----------+-----+-----+---------+
    |  Latency (cycles) |  Latency (absolute) |  Interval | Pipeline|
    |   min   |   max   |    min   |    max   | min | max |   Type  |
    +---------+---------+----------+----------+-----+-----+---------+
    |        1|        1|  3.333 ns|  3.333 ns|    1|    1|      yes|
    +---------+---------+----------+----------+-----+-----+---------+

    + Detail: 
        * Instance: 
        N/A

        * Loop: 
        N/A



================================================================
== Utilization Estimates
================================================================
* Summary: 
+---------------------+---------+------+---------+---------+-----+
|         Name        | BRAM_18K|  DSP |    FF   |   LUT   | URAM|
+---------------------+---------+------+---------+---------+-----+
|DSP                  |        -|     -|        -|        -|    -|
|Expression           |        -|     -|        0|     8168|    -|
|FIFO                 |        -|     -|        -|        -|    -|
|Instance             |        -|    33|        0|      165|    -|
|Memory               |        -|     -|        -|        -|    -|
|Multiplexer          |        -|     -|        -|      840|    -|
|Register             |        -|     -|     2923|        -|    -|
+---------------------+---------+------+---------+---------+-----+
|Total                |        0|    33|     2923|     9173|    0|
+---------------------+---------+------+---------+---------+-----+
|Available SLR        |     1344|  3008|   869120|   434560|  320|
+---------------------+---------+------+---------+---------+-----+
|Utilization SLR (%)  |        0|     1|       ~0|        2|    0|
+---------------------+---------+------+---------+---------+-----+
|Available            |     4032|  9024|  2607360|  1303680|  960|
+---------------------+---------+------+---------+---------+-----+
|Utilization (%)      |        0|    ~0|       ~0|       ~0|    0|
+---------------------+---------+------+---------+---------+-----+

+ Detail: 
    * Instance: 
    +------------------------+--------------------+---------+----+---+----+-----+
    |        Instance        |       Module       | BRAM_18K| DSP| FF| LUT| URAM|
    +------------------------+--------------------+---------+----+---+----+-----+
    |mul_16s_5ns_21_1_0_U14  |mul_16s_5ns_21_1_0  |        0|   1|  0|   5|    0|
    |mul_16s_5ns_21_1_0_U16  |mul_16s_5ns_21_1_0  |        0|   1|  0|   5|    0|
    |mul_16s_5ns_21_1_0_U35  |mul_16s_5ns_21_1_0  |        0|   1|  0|   5|    0|
    |mul_16s_5ns_21_1_0_U36  |mul_16s_5ns_21_1_0  |        0|   1|  0|   5|    0|
    |mul_16s_5ns_21_1_0_U41  |mul_16s_5ns_21_1_0  |        0|   1|  0|   5|    0|
    |mul_16s_5s_21_1_0_U9    |mul_16s_5s_21_1_0   |        0|   1|  0|   5|    0|
    |mul_16s_5s_21_1_0_U13   |mul_16s_5s_21_1_0   |        0|   1|  0|   5|    0|
    |mul_16s_5s_21_1_0_U15   |mul_16s_5s_21_1_0   |        0|   1|  0|   5|    0|
    |mul_16s_5s_21_1_0_U17   |mul_16s_5s_21_1_0   |        0|   1|  0|   5|    0|
    |mul_16s_5s_21_1_0_U22   |mul_16s_5s_21_1_0   |        0|   1|  0|   5|    0|
    |mul_16s_5s_21_1_0_U23   |mul_16s_5s_21_1_0   |        0|   1|  0|   5|    0|
    |mul_16s_5s_21_1_0_U24   |mul_16s_5s_21_1_0   |        0|   1|  0|   5|    0|
    |mul_16s_5s_21_1_0_U26   |mul_16s_5s_21_1_0   |        0|   1|  0|   5|    0|
    |mul_16s_5s_21_1_0_U31   |mul_16s_5s_21_1_0   |        0|   1|  0|   5|    0|
    |mul_16s_5s_21_1_0_U33   |mul_16s_5s_21_1_0   |        0|   1|  0|   5|    0|
    |mul_16s_5s_21_1_0_U34   |mul_16s_5s_21_1_0   |        0|   1|  0|   5|    0|
    |mul_16s_6ns_21_1_0_U11  |mul_16s_6ns_21_1_0  |        0|   1|  0|   5|    0|
    |mul_16s_6ns_21_1_0_U12  |mul_16s_6ns_21_1_0  |        0|   1|  0|   5|    0|
    |mul_16s_6ns_21_1_0_U19  |mul_16s_6ns_21_1_0  |        0|   1|  0|   5|    0|
    |mul_16s_6ns_21_1_0_U25  |mul_16s_6ns_21_1_0  |        0|   1|  0|   5|    0|
    |mul_16s_6ns_21_1_0_U27  |mul_16s_6ns_21_1_0  |        0|   1|  0|   5|    0|
    |mul_16s_6ns_21_1_0_U28  |mul_16s_6ns_21_1_0  |        0|   1|  0|   5|    0|
    |mul_16s_6ns_21_1_0_U29  |mul_16s_6ns_21_1_0  |        0|   1|  0|   5|    0|
    |mul_16s_6ns_21_1_0_U32  |mul_16s_6ns_21_1_0  |        0|   1|  0|   5|    0|
    |mul_16s_6ns_21_1_0_U37  |mul_16s_6ns_21_1_0  |        0|   1|  0|   5|    0|
    |mul_16s_6ns_21_1_0_U38  |mul_16s_6ns_21_1_0  |        0|   1|  0|   5|    0|
    |mul_16s_6ns_21_1_0_U40  |mul_16s_6ns_21_1_0  |        0|   1|  0|   5|    0|
    |mul_16s_6s_21_1_0_U10   |mul_16s_6s_21_1_0   |        0|   1|  0|   5|    0|
    |mul_16s_6s_21_1_0_U18   |mul_16s_6s_21_1_0   |        0|   1|  0|   5|    0|
    |mul_16s_6s_21_1_0_U20   |mul_16s_6s_21_1_0   |        0|   1|  0|   5|    0|
    |mul_16s_6s_21_1_0_U21   |mul_16s_6s_21_1_0   |        0|   1|  0|   5|    0|
    |mul_16s_6s_21_1_0_U30   |mul_16s_6s_21_1_0   |        0|   1|  0|   5|    0|
    |mul_16s_6s_21_1_0_U39   |mul_16s_6s_21_1_0   |        0|   1|  0|   5|    0|
    +------------------------+--------------------+---------+----+---+----+-----+
    |Total                   |                    |        0|  33|  0| 165|    0|
    +------------------------+--------------------+---------+----+---+----+-----+

    * DSP: 
    N/A

    * Memory: 
    N/A

    * FIFO: 
    N/A

    * Expression: 
    +----------------------------+----------+----+---+----+------------+------------+
    |        Variable Name       | Operation| DSP| FF| LUT| Bitwidth P0| Bitwidth P1|
    +----------------------------+----------+----+---+----+------------+------------+
    |add_ln813_720_fu_37837_p2   |         +|   0|  0|  23|          16|          10|
    |add_ln813_721_fu_37843_p2   |         +|   0|  0|  16|          16|           9|
    |add_ln813_722_fu_37849_p2   |         +|   0|  0|  16|          16|          16|
    |add_ln813_723_fu_36046_p2   |         +|   0|  0|  16|          16|           9|
    |add_ln813_724_fu_36052_p2   |         +|   0|  0|  16|          16|          16|
    |add_ln813_725_fu_37854_p2   |         +|   0|  0|  23|          16|          16|
    |add_ln813_726_fu_37859_p2   |         +|   0|  0|  16|          16|          16|
    |add_ln813_727_fu_37865_p2   |         +|   0|  0|  16|          16|           8|
    |add_ln813_728_fu_37871_p2   |         +|   0|  0|  16|          16|          16|
    |add_ln813_729_fu_37877_p2   |         +|   0|  0|  16|          16|          16|
    |add_ln813_730_fu_36058_p2   |         +|   0|  0|  20|          13|           9|
    |add_ln813_731_fu_37883_p2   |         +|   0|  0|  16|          16|          16|
    |add_ln813_732_fu_36068_p2   |         +|   0|  0|  22|          15|          15|
    |add_ln813_733_fu_37892_p2   |         +|   0|  0|  16|          16|          16|
    |add_ln813_734_fu_36074_p2   |         +|   0|  0|  20|          13|           9|
    |add_ln813_735_fu_37898_p2   |         +|   0|  0|  16|          16|          16|
    |add_ln813_736_fu_36084_p2   |         +|   0|  0|  23|          16|          16|
    |add_ln813_737_fu_37904_p2   |         +|   0|  0|  16|          16|          16|
    |add_ln813_738_fu_37909_p2   |         +|   0|  0|  22|          15|           6|
    |add_ln813_739_fu_37919_p2   |         +|   0|  0|  23|          16|          16|
    |add_ln813_740_fu_37925_p2   |         +|   0|  0|  16|          16|          16|
    |add_ln813_741_fu_37930_p2   |         +|   0|  0|  22|          15|          10|
    |add_ln813_742_fu_37940_p2   |         +|   0|  0|  16|          16|          16|
    |add_ln813_743_fu_37946_p2   |         +|   0|  0|  16|          16|           8|
    |add_ln813_744_fu_37952_p2   |         +|   0|  0|  16|          16|          16|
    |add_ln813_745_fu_37957_p2   |         +|   0|  0|  16|          16|           7|
    |add_ln813_746_fu_37963_p2   |         +|   0|  0|  16|          16|          16|
    |add_ln813_747_fu_37969_p2   |         +|   0|  0|  16|          16|          16|
    |add_ln813_748_fu_37974_p2   |         +|   0|  0|  16|          16|           7|
    |add_ln813_749_fu_37980_p2   |         +|   0|  0|  16|          16|          16|
    |add_ln813_750_fu_37985_p2   |         +|   0|  0|  16|          16|          16|
    |add_ln813_751_fu_37991_p2   |         +|   0|  0|  16|          16|          16|
    |add_ln813_752_fu_37997_p2   |         +|   0|  0|  23|          16|           8|
    |add_ln813_753_fu_38003_p2   |         +|   0|  0|  16|          16|          16|
    |add_ln813_754_fu_38009_p2   |         +|   0|  0|  16|          16|          16|
    |add_ln813_755_fu_38015_p2   |         +|   0|  0|  19|          12|           8|
    |add_ln813_756_fu_38025_p2   |         +|   0|  0|  22|          15|          15|
    |add_ln813_757_fu_38035_p2   |         +|   0|  0|  16|          16|          16|
    |add_ln813_758_fu_38041_p2   |         +|   0|  0|  16|          16|          16|
    |add_ln813_759_fu_36090_p2   |         +|   0|  0|  22|          15|           7|
    |add_ln813_760_fu_36100_p2   |         +|   0|  0|  23|          16|          16|
    |add_ln813_761_fu_38046_p2   |         +|   0|  0|  16|          16|          16|
    |add_ln813_762_fu_38051_p2   |         +|   0|  0|  23|          16|          16|
    |add_ln813_763_fu_38056_p2   |         +|   0|  0|  16|          16|          16|
    |add_ln813_764_fu_36106_p2   |         +|   0|  0|  16|          16|          16|
    |add_ln813_765_fu_36112_p2   |         +|   0|  0|  21|          14|           8|
    |add_ln813_766_fu_36122_p2   |         +|   0|  0|  16|          16|          16|
    |add_ln813_767_fu_38061_p2   |         +|   0|  0|  16|          16|          16|
    |add_ln813_768_fu_38066_p2   |         +|   0|  0|  16|          16|           7|
    |add_ln813_769_fu_38072_p2   |         +|   0|  0|  16|          16|          16|
    |add_ln813_770_fu_38078_p2   |         +|   0|  0|  16|          16|          16|
    |add_ln813_771_fu_38084_p2   |         +|   0|  0|  20|          13|           9|
    |add_ln813_772_fu_38094_p2   |         +|   0|  0|  16|          16|          16|
    |add_ln813_773_fu_38100_p2   |         +|   0|  0|  16|          16|          16|
    |add_ln813_774_fu_38106_p2   |         +|   0|  0|  21|          14|           8|
    |add_ln813_775_fu_38116_p2   |         +|   0|  0|  16|          16|          16|
    |add_ln813_776_fu_38122_p2   |         +|   0|  0|  16|          16|          16|
    |add_ln813_777_fu_38127_p2   |         +|   0|  0|  22|          15|           7|
    |add_ln813_778_fu_38137_p2   |         +|   0|  0|  16|          16|          16|
    |add_ln813_779_fu_36128_p2   |         +|   0|  0|  23|          16|          16|
    |add_ln813_780_fu_38143_p2   |         +|   0|  0|  16|          16|          16|
    |add_ln813_781_fu_36134_p2   |         +|   0|  0|  19|          12|           8|
    |add_ln813_782_fu_36144_p2   |         +|   0|  0|  21|          14|          14|
    |add_ln813_783_fu_38150_p2   |         +|   0|  0|  16|          16|          16|
    |add_ln813_784_fu_38156_p2   |         +|   0|  0|  23|          16|          16|
    |add_ln813_785_fu_36150_p2   |         +|   0|  0|  20|          13|           9|
    |add_ln813_786_fu_38161_p2   |         +|   0|  0|  16|          16|          16|
    |add_ln813_787_fu_36160_p2   |         +|   0|  0|  22|          15|          15|
    |add_ln813_788_fu_36170_p2   |         +|   0|  0|  23|          16|          16|
    |add_ln813_789_fu_38166_p2   |         +|   0|  0|  16|          16|          16|
    |add_ln813_790_fu_38171_p2   |         +|   0|  0|  16|          16|           9|
    |add_ln813_791_fu_38177_p2   |         +|   0|  0|  16|          16|          16|
    |add_ln813_792_fu_36176_p2   |         +|   0|  0|  20|          13|           8|
    |add_ln813_793_fu_38182_p2   |         +|   0|  0|  16|          16|          16|
    |add_ln813_794_fu_36186_p2   |         +|   0|  0|  16|          16|          16|
    |add_ln813_795_fu_36192_p2   |         +|   0|  0|  16|          16|          16|
    |add_ln813_796_fu_38187_p2   |         +|   0|  0|  16|          16|          16|
    |add_ln813_797_fu_38192_p2   |         +|   0|  0|  22|          15|          15|
    |add_ln813_798_fu_38202_p2   |         +|   0|  0|  16|          16|          16|
    |add_ln813_799_fu_38207_p2   |         +|   0|  0|  20|          13|           8|
    |add_ln813_800_fu_38217_p2   |         +|   0|  0|  21|          14|          14|
    |add_ln813_801_fu_38227_p2   |         +|   0|  0|  16|          16|          16|
    |add_ln813_802_fu_38233_p2   |         +|   0|  0|  16|          16|           9|
    |add_ln813_803_fu_38238_p2   |         +|   0|  0|  16|          16|          16|
    |add_ln813_804_fu_38244_p2   |         +|   0|  0|  16|          16|          16|
    |add_ln813_805_fu_36198_p2   |         +|   0|  0|  22|          15|          10|
    |add_ln813_806_fu_36208_p2   |         +|   0|  0|  23|          16|          16|
    |add_ln813_807_fu_38248_p2   |         +|   0|  0|  16|          16|          16|
    |add_ln813_808_fu_38253_p2   |         +|   0|  0|  23|          16|          16|
    |add_ln813_809_fu_38257_p2   |         +|   0|  0|  16|          16|          16|
    |add_ln813_810_fu_38262_p2   |         +|   0|  0|  16|          16|          16|
    |add_ln813_811_fu_38267_p2   |         +|   0|  0|  20|          13|           8|
    |add_ln813_812_fu_38277_p2   |         +|   0|  0|  16|          16|          16|
    |add_ln813_813_fu_38283_p2   |         +|   0|  0|  16|          16|          16|
    |add_ln813_814_fu_38289_p2   |         +|   0|  0|  16|          16|          16|
    |add_ln813_815_fu_38293_p2   |         +|   0|  0|  22|          15|           8|
    |add_ln813_816_fu_38303_p2   |         +|   0|  0|  23|          16|          16|
    |add_ln813_817_fu_38309_p2   |         +|   0|  0|  16|          16|          16|
    |add_ln813_818_fu_36214_p2   |         +|   0|  0|  16|          16|          16|
    |add_ln813_819_fu_36220_p2   |         +|   0|  0|  20|          13|           8|
    |add_ln813_820_fu_36230_p2   |         +|   0|  0|  23|          16|          16|
    |add_ln813_821_fu_36236_p2   |         +|   0|  0|  16|          16|          16|
    |add_ln813_822_fu_38315_p2   |         +|   0|  0|  23|          16|          16|
    |add_ln813_823_fu_38320_p2   |         +|   0|  0|  16|          16|          16|
    |add_ln813_824_fu_36242_p2   |         +|   0|  0|  16|          16|          16|
    |add_ln813_825_fu_36248_p2   |         +|   0|  0|  19|          12|          10|
    |add_ln813_826_fu_36258_p2   |         +|   0|  0|  16|          16|          16|
    |add_ln813_827_fu_38326_p2   |         +|   0|  0|  16|          16|          16|
    |add_ln813_828_fu_38331_p2   |         +|   0|  0|  16|          16|          16|
    |add_ln813_829_fu_36264_p2   |         +|   0|  0|  19|          12|           7|
    |add_ln813_830_fu_36274_p2   |         +|   0|  0|  22|          15|          15|
    |add_ln813_831_fu_38339_p2   |         +|   0|  0|  16|          16|          16|
    |add_ln813_832_fu_38345_p2   |         +|   0|  0|  23|          16|          16|
    |add_ln813_833_fu_38350_p2   |         +|   0|  0|  16|          16|          16|
    |add_ln813_834_fu_36280_p2   |         +|   0|  0|  21|          14|           8|
    |add_ln813_835_fu_36290_p2   |         +|   0|  0|  23|          16|          16|
    |add_ln813_836_fu_38356_p2   |         +|   0|  0|  16|          16|          16|
    |add_ln813_837_fu_38361_p2   |         +|   0|  0|  23|          16|          16|
    |add_ln813_838_fu_38367_p2   |         +|   0|  0|  23|          16|          16|
    |add_ln813_839_fu_38372_p2   |         +|   0|  0|  16|          16|          16|
    |add_ln813_840_fu_36296_p2   |         +|   0|  0|  16|          16|          16|
    |add_ln813_841_fu_36302_p2   |         +|   0|  0|  19|          12|           9|
    |add_ln813_842_fu_36312_p2   |         +|   0|  0|  21|          14|          14|
    |add_ln813_843_fu_36322_p2   |         +|   0|  0|  16|          16|          16|
    |add_ln813_844_fu_38378_p2   |         +|   0|  0|  16|          16|          16|
    |add_ln813_845_fu_38383_p2   |         +|   0|  0|  23|          16|          16|
    |add_ln813_846_fu_38389_p2   |         +|   0|  0|  16|          16|          16|
    |add_ln813_847_fu_36328_p2   |         +|   0|  0|  22|          15|           9|
    |add_ln813_848_fu_36338_p2   |         +|   0|  0|  23|          16|          16|
    |add_ln813_849_fu_38394_p2   |         +|   0|  0|  16|          16|          16|
    |add_ln813_850_fu_38399_p2   |         +|   0|  0|  23|          16|          16|
    |add_ln813_851_fu_38404_p2   |         +|   0|  0|  16|          16|          16|
    |add_ln813_852_fu_38410_p2   |         +|   0|  0|  16|          16|          16|
    |add_ln813_853_fu_38416_p2   |         +|   0|  0|  19|          12|           7|
    |add_ln813_854_fu_38426_p2   |         +|   0|  0|  16|          16|          16|
    |add_ln813_855_fu_38432_p2   |         +|   0|  0|  16|          16|          16|
    |add_ln813_856_fu_36344_p2   |         +|   0|  0|  21|          14|           9|
    |add_ln813_857_fu_36354_p2   |         +|   0|  0|  16|          16|          16|
    |add_ln813_858_fu_36360_p2   |         +|   0|  0|  22|          15|          15|
    |add_ln813_859_fu_36370_p2   |         +|   0|  0|  16|          16|          16|
    |add_ln813_860_fu_38438_p2   |         +|   0|  0|  23|          16|          16|
    |add_ln813_861_fu_38443_p2   |         +|   0|  0|  16|          16|          16|
    |add_ln813_862_fu_36376_p2   |         +|   0|  0|  22|          15|           8|
    |add_ln813_863_fu_36386_p2   |         +|   0|  0|  23|          16|          16|
    |add_ln813_864_fu_38449_p2   |         +|   0|  0|  16|          16|          16|
    |add_ln813_865_fu_38454_p2   |         +|   0|  0|  16|          16|          16|
    |add_ln813_866_fu_36392_p2   |         +|   0|  0|  22|          15|          10|
    |add_ln813_867_fu_36402_p2   |         +|   0|  0|  23|          16|          16|
    |add_ln813_868_fu_38459_p2   |         +|   0|  0|  16|          16|          16|
    |add_ln813_869_fu_38464_p2   |         +|   0|  0|  23|          16|           9|
    |add_ln813_870_fu_36408_p2   |         +|   0|  0|  21|          14|           6|
    |add_ln813_871_fu_36418_p2   |         +|   0|  0|  16|          16|          16|
    |add_ln813_872_fu_36424_p2   |         +|   0|  0|  22|          15|          15|
    |add_ln813_873_fu_36434_p2   |         +|   0|  0|  16|          16|          16|
    |add_ln813_874_fu_36440_p2   |         +|   0|  0|  23|          16|          16|
    |add_ln813_875_fu_38469_p2   |         +|   0|  0|  23|          16|          16|
    |add_ln813_876_fu_38473_p2   |         +|   0|  0|  16|          16|          16|
    |add_ln813_877_fu_36446_p2   |         +|   0|  0|  16|          16|          16|
    |add_ln813_878_fu_36452_p2   |         +|   0|  0|  19|          12|           9|
    |add_ln813_879_fu_36462_p2   |         +|   0|  0|  16|          16|          16|
    |add_ln813_880_fu_38479_p2   |         +|   0|  0|  16|          16|          16|
    |add_ln813_881_fu_38484_p2   |         +|   0|  0|  23|          16|          16|
    |add_ln813_882_fu_36468_p2   |         +|   0|  0|  22|          15|          15|
    |add_ln813_883_fu_36478_p2   |         +|   0|  0|  23|          16|          16|
    |add_ln813_884_fu_38488_p2   |         +|   0|  0|  16|          16|          16|
    |add_ln813_885_fu_36484_p2   |         +|   0|  0|  21|          14|          14|
    |add_ln813_886_fu_36494_p2   |         +|   0|  0|  19|          12|           9|
    |add_ln813_887_fu_36504_p2   |         +|   0|  0|  20|          13|          13|
    |add_ln813_888_fu_36514_p2   |         +|   0|  0|  22|          15|          15|
    |add_ln813_889_fu_38496_p2   |         +|   0|  0|  16|          16|          16|
    |add_ln813_890_fu_38502_p2   |         +|   0|  0|  16|          16|          16|
    |add_ln813_891_fu_36520_p2   |         +|   0|  0|  22|          15|          15|
    |add_ln813_892_fu_38510_p2   |         +|   0|  0|  16|          16|          16|
    |add_ln813_893_fu_36526_p2   |         +|   0|  0|  16|          16|          16|
    |add_ln813_894_fu_36532_p2   |         +|   0|  0|  22|          15|           8|
    |add_ln813_895_fu_36542_p2   |         +|   0|  0|  16|          16|          16|
    |add_ln813_896_fu_38516_p2   |         +|   0|  0|  16|          16|          16|
    |add_ln813_897_fu_36548_p2   |         +|   0|  0|  21|          14|          10|
    |add_ln813_898_fu_36558_p2   |         +|   0|  0|  23|          16|          16|
    |add_ln813_899_fu_38521_p2   |         +|   0|  0|  16|          16|          16|
    |add_ln813_900_fu_38526_p2   |         +|   0|  0|  23|          16|          16|
    |add_ln813_901_fu_38531_p2   |         +|   0|  0|  16|          16|          16|
    |add_ln813_902_fu_36564_p2   |         +|   0|  0|  22|          15|           9|
    |add_ln813_903_fu_36574_p2   |         +|   0|  0|  23|          16|          16|
    |add_ln813_904_fu_38536_p2   |         +|   0|  0|  16|          16|          16|
    |add_ln813_905_fu_38541_p2   |         +|   0|  0|  16|          16|          16|
    |add_ln813_906_fu_36580_p2   |         +|   0|  0|  20|          13|          13|
    |add_ln813_907_fu_36590_p2   |         +|   0|  0|  22|          15|          15|
    |add_ln813_908_fu_38549_p2   |         +|   0|  0|  16|          16|          16|
    |add_ln813_909_fu_38555_p2   |         +|   0|  0|  23|          16|          16|
    |add_ln813_910_fu_38559_p2   |         +|   0|  0|  16|          16|          16|
    |add_ln813_911_fu_36596_p2   |         +|   0|  0|  20|          13|           9|
    |add_ln813_912_fu_36606_p2   |         +|   0|  0|  23|          16|          16|
    |add_ln813_913_fu_38564_p2   |         +|   0|  0|  16|          16|          16|
    |add_ln813_914_fu_38569_p2   |         +|   0|  0|  23|          16|          16|
    |add_ln813_915_fu_38574_p2   |         +|   0|  0|  16|          16|          16|
    |add_ln813_916_fu_38579_p2   |         +|   0|  0|  16|          16|          16|
    |add_ln813_917_fu_38585_p2   |         +|   0|  0|  19|          12|           9|
    |add_ln813_918_fu_38595_p2   |         +|   0|  0|  16|          16|          16|
    |add_ln813_919_fu_38601_p2   |         +|   0|  0|  16|          16|          16|
    |add_ln813_920_fu_38607_p2   |         +|   0|  0|  23|          16|          16|
    |add_ln813_921_fu_38611_p2   |         +|   0|  0|  23|          16|          16|
    |add_ln813_922_fu_38616_p2   |         +|   0|  0|  16|          16|          16|
    |add_ln813_923_fu_38622_p2   |         +|   0|  0|  16|          16|          16|
    |add_ln813_924_fu_36612_p2   |         +|   0|  0|  22|          15|           7|
    |add_ln813_925_fu_36622_p2   |         +|   0|  0|  23|          16|          16|
    |add_ln813_926_fu_38628_p2   |         +|   0|  0|  16|          16|          16|
    |add_ln813_927_fu_38633_p2   |         +|   0|  0|  16|          16|          16|
    |add_ln813_928_fu_38639_p2   |         +|   0|  0|  16|          16|          16|
    |add_ln813_929_fu_38644_p2   |         +|   0|  0|  19|          12|           9|
    |add_ln813_930_fu_38654_p2   |         +|   0|  0|  22|          15|          15|
    |add_ln813_931_fu_38664_p2   |         +|   0|  0|  16|          16|          16|
    |add_ln813_932_fu_38670_p2   |         +|   0|  0|  23|          16|          16|
    |add_ln813_933_fu_38676_p2   |         +|   0|  0|  16|          16|          16|
    |add_ln813_934_fu_36628_p2   |         +|   0|  0|  16|          16|          16|
    |add_ln813_935_fu_36634_p2   |         +|   0|  0|  22|          15|           9|
    |add_ln813_936_fu_36644_p2   |         +|   0|  0|  16|          16|          16|
    |add_ln813_937_fu_38681_p2   |         +|   0|  0|  16|          16|          16|
    |add_ln813_938_fu_36650_p2   |         +|   0|  0|  23|          16|          16|
    |add_ln813_939_fu_36656_p2   |         +|   0|  0|  22|          15|          15|
    |add_ln813_940_fu_38689_p2   |         +|   0|  0|  16|          16|          16|
    |add_ln813_941_fu_36662_p2   |         +|   0|  0|  20|          13|          13|
    |add_ln813_942_fu_36672_p2   |         +|   0|  0|  20|          13|           8|
    |add_ln813_943_fu_36682_p2   |         +|   0|  0|  21|          14|          14|
    |add_ln813_944_fu_38697_p2   |         +|   0|  0|  16|          16|          16|
    |add_ln813_945_fu_38703_p2   |         +|   0|  0|  16|          16|          16|
    |add_ln813_946_fu_36688_p2   |         +|   0|  0|  20|          13|          13|
    |add_ln813_947_fu_36698_p2   |         +|   0|  0|  23|          16|          16|
    |add_ln813_948_fu_38708_p2   |         +|   0|  0|  16|          16|          16|
    |add_ln813_949_fu_38713_p2   |         +|   0|  0|  16|          16|          16|
    |add_ln813_950_fu_36704_p2   |         +|   0|  0|  21|          14|           9|
    |add_ln813_951_fu_36714_p2   |         +|   0|  0|  22|          15|          15|
    |add_ln813_952_fu_38720_p2   |         +|   0|  0|  16|          16|          16|
    |add_ln813_fu_37831_p2       |         +|   0|  0|  23|          16|           7|
    |r_V_618_fu_32817_p2         |         +|   0|  0|  27|          20|          20|
    |r_V_624_fu_32984_p2         |         +|   0|  0|  27|          20|          20|
    |r_V_628_fu_33098_p2         |         +|   0|  0|  27|          20|          20|
    |r_V_649_fu_37150_p2         |         +|   0|  0|  27|          20|          20|
    |r_V_660_fu_37388_p2         |         +|   0|  0|  27|          20|          20|
    |r_V_667_fu_37479_p2         |         +|   0|  0|  27|          20|          20|
    |r_V_670_fu_33507_p2         |         +|   0|  0|  26|          19|          19|
    |r_V_675_fu_37600_p2         |         +|   0|  0|  27|          20|          20|
    |r_V_683_fu_33819_p2         |         +|   0|  0|  26|          19|          19|
    |r_V_695_fu_34217_p2         |         +|   0|  0|  26|          19|          19|
    |r_V_701_fu_34423_p2         |         +|   0|  0|  26|          19|          19|
    |r_V_711_fu_37749_p2         |         +|   0|  0|  27|          20|          20|
    |r_V_718_fu_34780_p2         |         +|   0|  0|  27|          20|          20|
    |r_V_729_fu_35076_p2         |         +|   0|  0|  26|          19|          19|
    |r_V_735_fu_35304_p2         |         +|   0|  0|  27|          20|          20|
    |r_V_740_fu_35503_p2         |         +|   0|  0|  28|          21|          21|
    |r_V_741_fu_35535_p2         |         +|   0|  0|  28|          21|          21|
    |r_V_745_fu_35617_p2         |         +|   0|  0|  27|          20|          20|
    |r_V_746_fu_35643_p2         |         +|   0|  0|  27|          20|          20|
    |r_V_749_fu_35715_p2         |         +|   0|  0|  28|          21|          21|
    |r_V_754_fu_35868_p2         |         +|   0|  0|  28|          21|          21|
    |r_V_614_fu_32707_p2         |         -|   0|  0|  28|          21|          21|
    |r_V_615_fu_32757_p2         |         -|   0|  0|  20|          20|          20|
    |r_V_616_fu_32777_p2         |         -|   0|  0|  25|           1|          18|
    |r_V_617_fu_32797_p2         |         -|   0|  0|  26|          19|          19|
    |r_V_620_fu_32843_p2         |         -|   0|  0|  27|          20|          20|
    |r_V_621_fu_32859_p2         |         -|   0|  0|  28|          21|          21|
    |r_V_622_fu_32928_p2         |         -|   0|  0|  25|           1|          18|
    |r_V_623_fu_32956_p2         |         -|   0|  0|  28|          21|          21|
    |r_V_625_fu_33004_p2         |         -|   0|  0|  27|          20|          20|
    |r_V_626_fu_33032_p2         |         -|   0|  0|  26|          19|          19|
    |r_V_627_fu_33068_p2         |         -|   0|  0|  27|          20|          20|
    |r_V_629_fu_33062_p2         |         -|   0|  0|  27|           1|          20|
    |r_V_630_fu_36752_p2         |         -|   0|  0|  27|           1|          20|
    |r_V_631_fu_36791_p2         |         -|   0|  0|  25|           1|          18|
    |r_V_632_fu_36811_p2         |         -|   0|  0|  27|          20|          20|
    |r_V_633_fu_36842_p2         |         -|   0|  0|  28|          21|          21|
    |r_V_635_fu_36858_p2         |         -|   0|  0|  27|          20|          20|
    |r_V_636_fu_36884_p2         |         -|   0|  0|  28|          21|          21|
    |r_V_637_fu_36899_p2         |         -|   0|  0|  28|          21|          21|
    |r_V_638_fu_36914_p2         |         -|   0|  0|  27|          20|          20|
    |r_V_639_fu_36934_p2         |         -|   0|  0|  28|          21|          21|
    |r_V_641_fu_36950_p2         |         -|   0|  0|  27|          20|          20|
    |r_V_642_fu_37012_p2         |         -|   0|  0|  28|          21|          21|
    |r_V_643_fu_37028_p2         |         -|   0|  0|  25|           1|          18|
    |r_V_644_fu_36987_p2         |         -|   0|  0|  28|           1|          21|
    |r_V_645_fu_37073_p2         |         -|   0|  0|  27|          20|          20|
    |r_V_646_fu_37104_p2         |         -|   0|  0|  26|          19|          19|
    |r_V_647_fu_37131_p2         |         -|   0|  0|  28|          21|          21|
    |r_V_648_fu_33300_p2         |         -|   0|  0|  24|           1|          17|
    |r_V_650_fu_37176_p2         |         -|   0|  0|  20|          20|          20|
    |r_V_652_fu_37199_p2         |         -|   0|  0|  28|          21|          21|
    |r_V_653_fu_37215_p2         |         -|   0|  0|  28|           1|          21|
    |r_V_654_fu_37237_p2         |         -|   0|  0|  19|          19|          19|
    |r_V_655_fu_37278_p2         |         -|   0|  0|  26|          19|          19|
    |r_V_656_fu_37309_p2         |         -|   0|  0|  27|           1|          20|
    |r_V_657_fu_37346_p2         |         -|   0|  0|  28|          21|          21|
    |r_V_659_fu_37361_p2         |         -|   0|  0|  28|          21|          21|
    |r_V_661_fu_37408_p2         |         -|   0|  0|  27|          20|          20|
    |r_V_662_fu_33391_p2         |         -|   0|  0|  24|           1|          17|
    |r_V_663_fu_37428_p2         |         -|   0|  0|  28|          21|          21|
    |r_V_664_fu_37443_p2         |         -|   0|  0|  27|          20|          20|
    |r_V_665_fu_37463_p2         |         -|   0|  0|  28|          21|          21|
    |r_V_668_fu_33469_p2         |         -|   0|  0|  24|           1|          17|
    |r_V_669_fu_37516_p2         |         -|   0|  0|  27|          20|          20|
    |r_V_673_fu_37553_p2         |         -|   0|  0|  20|          20|          20|
    |r_V_674_fu_37584_p2         |         -|   0|  0|  28|           1|          21|
    |r_V_676_fu_37620_p2         |         -|   0|  0|  27|          20|          20|
    |r_V_677_fu_33613_p2         |         -|   0|  0|  26|          19|          19|
    |r_V_678_fu_33647_p2         |         -|   0|  0|  24|           1|          17|
    |r_V_679_fu_33679_p2         |         -|   0|  0|  27|          20|          20|
    |r_V_680_fu_33711_p2         |         -|   0|  0|  28|          21|          21|
    |r_V_681_fu_33733_p2         |         -|   0|  0|  19|          19|          19|
    |r_V_682_fu_33771_p2         |         -|   0|  0|  20|          20|          20|
    |r_V_684_fu_33866_p2         |         -|   0|  0|  24|           1|          17|
    |r_V_685_fu_33910_p2         |         -|   0|  0|  27|          20|          20|
    |r_V_687_fu_33948_p2         |         -|   0|  0|  26|           1|          19|
    |r_V_688_fu_33988_p2         |         -|   0|  0|  25|           1|          18|
    |r_V_689_fu_34008_p2         |         -|   0|  0|  26|          19|          19|
    |r_V_690_fu_34028_p2         |         -|   0|  0|  27|          20|          20|
    |r_V_691_fu_34048_p2         |         -|   0|  0|  26|          19|          19|
    |r_V_692_fu_34127_p2         |         -|   0|  0|  27|          20|          20|
    |r_V_693_fu_34165_p2         |         -|   0|  0|  27|          20|          20|
    |r_V_694_fu_34185_p2         |         -|   0|  0|  24|           1|          17|
    |r_V_696_fu_34241_p2         |         -|   0|  0|  27|          20|          20|
    |r_V_697_fu_34257_p2         |         -|   0|  0|  26|          19|          19|
    |r_V_698_fu_34291_p2         |         -|   0|  0|  26|           1|          19|
    |r_V_700_fu_34373_p2         |         -|   0|  0|  27|          20|          20|
    |r_V_702_fu_34451_p2         |         -|   0|  0|  28|          21|          21|
    |r_V_703_fu_34473_p2         |         -|   0|  0|  19|          19|          19|
    |r_V_704_fu_34489_p2         |         -|   0|  0|  26|          19|          19|
    |r_V_705_fu_34509_p2         |         -|   0|  0|  25|           1|          18|
    |r_V_706_fu_34529_p2         |         -|   0|  0|  27|          20|          20|
    |r_V_707_fu_37678_p2         |         -|   0|  0|  27|           1|          20|
    |r_V_708_fu_34591_p2         |         -|   0|  0|  26|          19|          19|
    |r_V_709_fu_37709_p2         |         -|   0|  0|  27|          20|          20|
    |r_V_710_fu_37729_p2         |         -|   0|  0|  27|          20|          20|
    |r_V_712_fu_37769_p2         |         -|   0|  0|  27|          20|          20|
    |r_V_714_fu_34631_p2         |         -|   0|  0|  19|          19|          19|
    |r_V_716_fu_34716_p2         |         -|   0|  0|  27|          20|          20|
    |r_V_717_fu_34748_p2         |         -|   0|  0|  26|          19|          19|
    |r_V_719_fu_34796_p2         |         -|   0|  0|  25|           1|          18|
    |r_V_721_fu_34836_p2         |         -|   0|  0|  27|           1|          20|
    |r_V_722_fu_34870_p2         |         -|   0|  0|  27|          20|          20|
    |r_V_723_fu_34890_p2         |         -|   0|  0|  27|          20|          20|
    |r_V_724_fu_34916_p2         |         -|   0|  0|  19|          19|          19|
    |r_V_725_fu_34936_p2         |         -|   0|  0|  27|          20|          20|
    |r_V_726_fu_34978_p2         |         -|   0|  0|  24|           1|          17|
    |r_V_727_fu_35026_p2         |         -|   0|  0|  26|           1|          19|
    |r_V_728_fu_35046_p2         |         -|   0|  0|  26|          19|          19|
    |r_V_730_fu_35108_p2         |         -|   0|  0|  27|          20|          20|
    |r_V_731_fu_35128_p2         |         -|   0|  0|  26|          19|          19|
    |r_V_732_fu_35160_p2         |         -|   0|  0|  25|           1|          18|
    |r_V_733_fu_35196_p2         |         -|   0|  0|  28|          21|          21|
    |r_V_734_fu_35260_p2         |         -|   0|  0|  27|          20|          20|
    |r_V_736_fu_35320_p2         |         -|   0|  0|  27|          20|          20|
    |r_V_737_fu_35336_p2         |         -|   0|  0|  27|          20|          20|
    |r_V_738_fu_35423_p2         |         -|   0|  0|  28|          21|          21|
    |r_V_739_fu_35471_p2         |         -|   0|  0|  27|          20|          20|
    |r_V_743_fu_35581_p2         |         -|   0|  0|  27|          20|          20|
    |r_V_744_fu_35601_p2         |         -|   0|  0|  28|           1|          21|
    |r_V_747_fu_35683_p2         |         -|   0|  0|  28|          21|          21|
    |r_V_748_fu_35699_p2         |         -|   0|  0|  28|          21|          21|
    |r_V_750_fu_35731_p2         |         -|   0|  0|  25|           1|          18|
    |r_V_751_fu_35757_p2         |         -|   0|  0|  19|          19|          19|
    |r_V_753_fu_35836_p2         |         -|   0|  0|  19|          19|          19|
    |r_V_755_fu_35912_p2         |         -|   0|  0|  27|          20|          20|
    |r_V_756_fu_35932_p2         |         -|   0|  0|  28|          21|          21|
    |r_V_757_fu_35948_p2         |         -|   0|  0|  28|           1|          21|
    |r_V_758_fu_35964_p2         |         -|   0|  0|  28|          21|          21|
    |r_V_759_fu_35980_p2         |         -|   0|  0|  26|          19|          19|
    |r_V_760_fu_36006_p2         |         -|   0|  0|  20|          20|          20|
    |r_V_fu_32671_p2             |         -|   0|  0|  28|          21|          21|
    |sub_ln1273_324_fu_32735_p2  |         -|   0|  0|  20|           1|          20|
    |sub_ln1273_340_fu_36878_p2  |         -|   0|  0|  28|           1|          21|
    |sub_ln1273_350_fu_37170_p2  |         -|   0|  0|  20|           1|          20|
    |sub_ln1273_354_fu_37231_p2  |         -|   0|  0|  19|           1|          19|
    |sub_ln1273_358_fu_37340_p2  |         -|   0|  0|  28|           1|          21|
    |sub_ln1273_367_fu_37536_p2  |         -|   0|  0|  20|           1|          20|
    |sub_ln1273_375_fu_33727_p2  |         -|   0|  0|  19|           1|          19|
    |sub_ln1273_377_fu_33753_p2  |         -|   0|  0|  20|           1|          20|
    |sub_ln1273_380_fu_33904_p2  |         -|   0|  0|  27|           1|          20|
    |sub_ln1273_392_fu_34467_p2  |         -|   0|  0|  19|           1|          19|
    |sub_ln1273_401_fu_34625_p2  |         -|   0|  0|  19|           1|          19|
    |sub_ln1273_408_fu_34910_p2  |         -|   0|  0|  19|           1|          19|
    |sub_ln1273_426_fu_35751_p2  |         -|   0|  0|  19|           1|          19|
    |sub_ln1273_428_fu_35830_p2  |         -|   0|  0|  19|           1|          19|
    |sub_ln1273_434_fu_36000_p2  |         -|   0|  0|  20|           1|          20|
    |sub_ln1273_fu_32649_p2      |         -|   0|  0|  28|           1|          21|
    +----------------------------+----------+----+---+----+------------+------------+
    |Total                       |          |   0|  0|8168|        5737|        6243|
    +----------------------------+----------+----+---+----+------------+------------+

    * Multiplexer: 
    +--------------+----+-----------+-----+-----------+
    |     Name     | LUT| Input Size| Bits| Total Bits|
    +--------------+----+-----------+-----+-----------+
    |ap_return_0   |  14|          3|   16|         48|
    |ap_return_1   |  14|          3|   16|         48|
    |ap_return_10  |  14|          3|   16|         48|
    |ap_return_11  |  14|          3|   16|         48|
    |ap_return_12  |  14|          3|   16|         48|
    |ap_return_13  |  14|          3|   16|         48|
    |ap_return_14  |  14|          3|   16|         48|
    |ap_return_15  |  14|          3|   16|         48|
    |ap_return_16  |  14|          3|   16|         48|
    |ap_return_17  |  14|          3|   16|         48|
    |ap_return_18  |  14|          3|   16|         48|
    |ap_return_19  |  14|          3|   16|         48|
    |ap_return_2   |  14|          3|   16|         48|
    |ap_return_20  |  14|          3|   16|         48|
    |ap_return_21  |  14|          3|   16|         48|
    |ap_return_22  |  14|          3|   16|         48|
    |ap_return_23  |  14|          3|   16|         48|
    |ap_return_24  |  14|          3|   16|         48|
    |ap_return_25  |  14|          3|   16|         48|
    |ap_return_26  |  14|          3|   16|         48|
    |ap_return_27  |  14|          3|   16|         48|
    |ap_return_28  |  14|          3|   16|         48|
    |ap_return_29  |  14|          3|   16|         48|
    |ap_return_3   |  14|          3|   16|         48|
    |ap_return_30  |  14|          3|   16|         48|
    |ap_return_31  |  14|          3|   16|         48|
    |ap_return_32  |  14|          3|   16|         48|
    |ap_return_33  |  14|          3|   16|         48|
    |ap_return_34  |  14|          3|   16|         48|
    |ap_return_35  |  14|          3|   16|         48|
    |ap_return_36  |  14|          3|   16|         48|
    |ap_return_37  |  14|          3|   16|         48|
    |ap_return_38  |  14|          3|   16|         48|
    |ap_return_39  |  14|          3|   16|         48|
    |ap_return_4   |  14|          3|   16|         48|
    |ap_return_40  |  14|          3|   16|         48|
    |ap_return_41  |  14|          3|   16|         48|
    |ap_return_42  |  14|          3|   16|         48|
    |ap_return_43  |  14|          3|   16|         48|
    |ap_return_44  |  14|          3|   16|         48|
    |ap_return_45  |  14|          3|   16|         48|
    |ap_return_46  |  14|          3|   16|         48|
    |ap_return_47  |  14|          3|   16|         48|
    |ap_return_48  |  14|          3|   16|         48|
    |ap_return_49  |  14|          3|   16|         48|
    |ap_return_5   |  14|          3|   16|         48|
    |ap_return_50  |  14|          3|   16|         48|
    |ap_return_51  |  14|          3|   16|         48|
    |ap_return_52  |  14|          3|   16|         48|
    |ap_return_53  |  14|          3|   16|         48|
    |ap_return_54  |  14|          3|   16|         48|
    |ap_return_55  |  14|          3|   16|         48|
    |ap_return_56  |  14|          3|   16|         48|
    |ap_return_57  |  14|          3|   16|         48|
    |ap_return_58  |  14|          3|   16|         48|
    |ap_return_59  |  14|          3|   16|         48|
    |ap_return_6   |  14|          3|   16|         48|
    |ap_return_7   |  14|          3|   16|         48|
    |ap_return_8   |  14|          3|   16|         48|
    |ap_return_9   |  14|          3|   16|         48|
    +--------------+----+-----------+-----+-----------+
    |Total         | 840|        180|  960|       2880|
    +--------------+----+-----------+-----+-----------+

    * Register: 
    +--------------------------+----+----+-----+-----------+
    |           Name           | FF | LUT| Bits| Const Bits|
    +--------------------------+----+----+-----+-----------+
    |a_V_10_reg_39359          |  16|   0|   16|          0|
    |a_V_2_reg_39156           |  16|   0|   16|          0|
    |a_V_3_reg_39199           |  16|   0|   16|          0|
    |a_V_4_reg_39239           |  16|   0|   16|          0|
    |a_V_5_reg_39275           |  16|   0|   16|          0|
    |add_ln813_724_reg_39551   |  16|   0|   16|          0|
    |add_ln813_732_reg_39556   |  15|   0|   15|          0|
    |add_ln813_736_reg_39561   |  16|   0|   16|          0|
    |add_ln813_760_reg_39566   |  16|   0|   16|          0|
    |add_ln813_766_reg_39571   |  16|   0|   16|          0|
    |add_ln813_779_reg_39576   |  16|   0|   16|          0|
    |add_ln813_782_reg_39581   |  14|   0|   14|          0|
    |add_ln813_788_reg_39586   |  16|   0|   16|          0|
    |add_ln813_795_reg_39591   |  16|   0|   16|          0|
    |add_ln813_806_reg_39596   |  16|   0|   16|          0|
    |add_ln813_821_reg_39601   |  16|   0|   16|          0|
    |add_ln813_826_reg_39606   |  16|   0|   16|          0|
    |add_ln813_830_reg_39611   |  15|   0|   15|          0|
    |add_ln813_835_reg_39616   |  16|   0|   16|          0|
    |add_ln813_843_reg_39621   |  16|   0|   16|          0|
    |add_ln813_848_reg_39626   |  16|   0|   16|          0|
    |add_ln813_859_reg_39631   |  16|   0|   16|          0|
    |add_ln813_863_reg_39636   |  16|   0|   16|          0|
    |add_ln813_867_reg_39641   |  16|   0|   16|          0|
    |add_ln813_873_reg_39646   |  16|   0|   16|          0|
    |add_ln813_874_reg_39651   |  16|   0|   16|          0|
    |add_ln813_879_reg_39656   |  16|   0|   16|          0|
    |add_ln813_883_reg_39661   |  16|   0|   16|          0|
    |add_ln813_888_reg_39666   |  15|   0|   15|          0|
    |add_ln813_891_reg_39671   |  15|   0|   15|          0|
    |add_ln813_895_reg_39676   |  16|   0|   16|          0|
    |add_ln813_898_reg_39681   |  16|   0|   16|          0|
    |add_ln813_903_reg_39686   |  16|   0|   16|          0|
    |add_ln813_907_reg_39691   |  15|   0|   15|          0|
    |add_ln813_912_reg_39696   |  16|   0|   16|          0|
    |add_ln813_925_reg_39701   |  16|   0|   16|          0|
    |add_ln813_936_reg_39706   |  16|   0|   16|          0|
    |add_ln813_938_reg_39711   |  16|   0|   16|          0|
    |add_ln813_939_reg_39716   |  15|   0|   15|          0|
    |add_ln813_943_reg_39721   |  14|   0|   14|          0|
    |add_ln813_947_reg_39726   |  16|   0|   16|          0|
    |add_ln813_951_reg_39731   |  15|   0|   15|          0|
    |ap_ce_reg                 |   1|   0|    1|          0|
    |ap_return_0_int_reg       |  16|   0|   16|          0|
    |ap_return_10_int_reg      |  16|   0|   16|          0|
    |ap_return_11_int_reg      |  16|   0|   16|          0|
    |ap_return_12_int_reg      |  16|   0|   16|          0|
    |ap_return_13_int_reg      |  16|   0|   16|          0|
    |ap_return_14_int_reg      |  16|   0|   16|          0|
    |ap_return_15_int_reg      |  16|   0|   16|          0|
    |ap_return_16_int_reg      |  16|   0|   16|          0|
    |ap_return_17_int_reg      |  16|   0|   16|          0|
    |ap_return_18_int_reg      |  16|   0|   16|          0|
    |ap_return_19_int_reg      |  16|   0|   16|          0|
    |ap_return_1_int_reg       |  16|   0|   16|          0|
    |ap_return_20_int_reg      |  16|   0|   16|          0|
    |ap_return_21_int_reg      |  16|   0|   16|          0|
    |ap_return_22_int_reg      |  16|   0|   16|          0|
    |ap_return_23_int_reg      |  16|   0|   16|          0|
    |ap_return_24_int_reg      |  16|   0|   16|          0|
    |ap_return_25_int_reg      |  16|   0|   16|          0|
    |ap_return_26_int_reg      |  16|   0|   16|          0|
    |ap_return_27_int_reg      |  16|   0|   16|          0|
    |ap_return_28_int_reg      |  16|   0|   16|          0|
    |ap_return_29_int_reg      |  16|   0|   16|          0|
    |ap_return_2_int_reg       |  16|   0|   16|          0|
    |ap_return_30_int_reg      |  16|   0|   16|          0|
    |ap_return_31_int_reg      |  16|   0|   16|          0|
    |ap_return_32_int_reg      |  16|   0|   16|          0|
    |ap_return_33_int_reg      |  16|   0|   16|          0|
    |ap_return_34_int_reg      |  16|   0|   16|          0|
    |ap_return_35_int_reg      |  16|   0|   16|          0|
    |ap_return_36_int_reg      |  16|   0|   16|          0|
    |ap_return_37_int_reg      |  16|   0|   16|          0|
    |ap_return_38_int_reg      |  16|   0|   16|          0|
    |ap_return_39_int_reg      |  16|   0|   16|          0|
    |ap_return_3_int_reg       |  16|   0|   16|          0|
    |ap_return_40_int_reg      |  16|   0|   16|          0|
    |ap_return_41_int_reg      |  16|   0|   16|          0|
    |ap_return_42_int_reg      |  16|   0|   16|          0|
    |ap_return_43_int_reg      |  16|   0|   16|          0|
    |ap_return_44_int_reg      |  16|   0|   16|          0|
    |ap_return_45_int_reg      |  16|   0|   16|          0|
    |ap_return_46_int_reg      |  16|   0|   16|          0|
    |ap_return_47_int_reg      |  16|   0|   16|          0|
    |ap_return_48_int_reg      |  16|   0|   16|          0|
    |ap_return_49_int_reg      |  16|   0|   16|          0|
    |ap_return_4_int_reg       |  16|   0|   16|          0|
    |ap_return_50_int_reg      |  16|   0|   16|          0|
    |ap_return_51_int_reg      |  16|   0|   16|          0|
    |ap_return_52_int_reg      |  16|   0|   16|          0|
    |ap_return_53_int_reg      |  16|   0|   16|          0|
    |ap_return_54_int_reg      |  16|   0|   16|          0|
    |ap_return_55_int_reg      |  16|   0|   16|          0|
    |ap_return_56_int_reg      |  16|   0|   16|          0|
    |ap_return_57_int_reg      |  16|   0|   16|          0|
    |ap_return_58_int_reg      |  16|   0|   16|          0|
    |ap_return_59_int_reg      |  16|   0|   16|          0|
    |ap_return_5_int_reg       |  16|   0|   16|          0|
    |ap_return_6_int_reg       |  16|   0|   16|          0|
    |ap_return_7_int_reg       |  16|   0|   16|          0|
    |ap_return_8_int_reg       |  16|   0|   16|          0|
    |ap_return_9_int_reg       |  16|   0|   16|          0|
    |mult_V_281_reg_39080      |  16|   0|   16|          0|
    |mult_V_282_reg_39085      |  16|   0|   16|          0|
    |mult_V_283_reg_39090      |  16|   0|   16|          0|
    |mult_V_284_reg_39096      |  16|   0|   16|          0|
    |mult_V_285_reg_39101      |  16|   0|   16|          0|
    |mult_V_289_reg_39106      |  15|   0|   15|          0|
    |mult_V_290_reg_39111      |  16|   0|   16|          0|
    |mult_V_291_reg_39116      |  15|   0|   15|          0|
    |mult_V_292_reg_39121      |  16|   0|   16|          0|
    |mult_V_294_reg_39126      |  16|   0|   16|          0|
    |mult_V_296_reg_39131      |  15|   0|   15|          0|
    |mult_V_298_reg_39136      |  16|   0|   16|          0|
    |mult_V_299_reg_39141      |  15|   0|   15|          0|
    |mult_V_301_reg_39146      |  15|   0|   15|          0|
    |mult_V_302_reg_39151      |  15|   0|   15|          0|
    |mult_V_309_reg_39174      |  16|   0|   16|          0|
    |mult_V_310_reg_39179      |  16|   0|   16|          0|
    |mult_V_311_reg_39184      |  16|   0|   16|          0|
    |mult_V_312_reg_39189      |  16|   0|   16|          0|
    |mult_V_320_reg_39194      |  16|   0|   16|          0|
    |mult_V_328_reg_39219      |  16|   0|   16|          0|
    |mult_V_332_reg_39224      |  16|   0|   16|          0|
    |mult_V_333_reg_39229      |  15|   0|   15|          0|
    |mult_V_336_reg_39234      |  16|   0|   16|          0|
    |mult_V_341_reg_39259      |  16|   0|   16|          0|
    |mult_V_349_reg_39265      |  16|   0|   16|          0|
    |mult_V_350_reg_39270      |  16|   0|   16|          0|
    |mult_V_353_reg_39280      |  12|   0|   12|          0|
    |mult_V_356_reg_39292      |  16|   0|   16|          0|
    |mult_V_357_reg_39297      |  16|   0|   16|          0|
    |mult_V_373_reg_39303      |  12|   0|   12|          0|
    |mult_V_374_reg_39308      |  15|   0|   15|          0|
    |mult_V_375_reg_39313      |  16|   0|   16|          0|
    |mult_V_380_reg_39318      |  14|   0|   14|          0|
    |mult_V_382_reg_39323      |  15|   0|   15|          0|
    |mult_V_383_reg_39328      |  14|   0|   14|          0|
    |mult_V_387_reg_39333      |  15|   0|   15|          0|
    |mult_V_391_reg_39338      |  16|   0|   16|          0|
    |mult_V_394_reg_39343      |  14|   0|   14|          0|
    |mult_V_395_reg_39348      |  16|   0|   16|          0|
    |mult_V_396_reg_39354      |  14|   0|   14|          0|
    |mult_V_406_reg_39370      |  16|   0|   16|          0|
    |mult_V_408_reg_39375      |  13|   0|   13|          0|
    |mult_V_409_reg_39380      |  16|   0|   16|          0|
    |mult_V_411_reg_39385      |  14|   0|   14|          0|
    |mult_V_412_reg_39390      |  15|   0|   15|          0|
    |mult_V_414_reg_39395      |  16|   0|   16|          0|
    |mult_V_415_reg_39400      |  11|   0|   11|          0|
    |mult_V_421_reg_39405      |  15|   0|   15|          0|
    |mult_V_422_reg_39410      |  12|   0|   12|          0|
    |mult_V_423_reg_39415      |  13|   0|   13|          0|
    |mult_V_425_reg_39420      |  14|   0|   14|          0|
    |mult_V_427_reg_39425      |  14|   0|   14|          0|
    |mult_V_431_reg_39430      |  16|   0|   16|          0|
    |mult_V_434_reg_39435      |  11|   0|   11|          0|
    |mult_V_435_reg_39440      |  15|   0|   15|          0|
    |mult_V_436_reg_39445      |  15|   0|   15|          0|
    |mult_V_438_reg_39450      |  16|   0|   16|          0|
    |mult_V_439_reg_39455      |  16|   0|   16|          0|
    |mult_V_440_reg_39460      |  16|   0|   16|          0|
    |mult_V_442_reg_39467      |  16|   0|   16|          0|
    |mult_V_443_reg_39472      |  16|   0|   16|          0|
    |mult_V_444_reg_39477      |  16|   0|   16|          0|
    |mult_V_445_reg_39482      |  16|   0|   16|          0|
    |mult_V_446_reg_39487      |  16|   0|   16|          0|
    |mult_V_448_reg_39492      |  16|   0|   16|          0|
    |mult_V_449_reg_39500      |  15|   0|   15|          0|
    |mult_V_450_reg_39505      |  15|   0|   15|          0|
    |mult_V_452_reg_39510      |  16|   0|   16|          0|
    |mult_V_453_reg_39515      |  16|   0|   16|          0|
    |mult_V_459_reg_39520      |  16|   0|   16|          0|
    |mult_V_461_reg_39525      |  16|   0|   16|          0|
    |mult_V_463_reg_39530      |  16|   0|   16|          0|
    |mult_V_465_reg_39535      |  16|   0|   16|          0|
    |mult_V_468_reg_39541      |  16|   0|   16|          0|
    |mult_V_469_reg_39546      |  16|   0|   16|          0|
    |sext_ln1270_18_reg_39245  |  21|   0|   21|          0|
    |sext_ln1273_67_reg_39161  |  21|   0|   21|          0|
    |sext_ln1273_75_reg_39205  |  21|   0|   21|          0|
    |tmp_116_reg_39210         |  16|   0|   16|          0|
    |tmp_117_reg_39251         |  16|   0|   16|          0|
    |tmp_118_reg_39285         |  16|   0|   16|          0|
    |tmp_123_reg_39364         |  16|   0|   16|          0|
    |tmp_s_reg_39167           |  16|   0|   16|          0|
    +--------------------------+----+----+-----+-----------+
    |Total                     |2923|   0| 2923|          0|
    +--------------------------+----+----+-----+-----------+



================================================================
== Interface
================================================================
* Summary: 
+--------------+-----+-----+------------+----------------------------------------------------------------------------+--------------+
|   RTL Ports  | Dir | Bits|  Protocol  |                                Source Object                               |    C Type    |
+--------------+-----+-----+------------+----------------------------------------------------------------------------+--------------+
|ap_clk        |   in|    1|  ap_ctrl_hs|  dense_latency<ap_fixed<16, 6, 5, 3, 0>, ap_fixed<16, 6, 5, 3, 0>, config2>|  return value|
|ap_rst        |   in|    1|  ap_ctrl_hs|  dense_latency<ap_fixed<16, 6, 5, 3, 0>, ap_fixed<16, 6, 5, 3, 0>, config2>|  return value|
|ap_return_0   |  out|   16|  ap_ctrl_hs|  dense_latency<ap_fixed<16, 6, 5, 3, 0>, ap_fixed<16, 6, 5, 3, 0>, config2>|  return value|
|ap_return_1   |  out|   16|  ap_ctrl_hs|  dense_latency<ap_fixed<16, 6, 5, 3, 0>, ap_fixed<16, 6, 5, 3, 0>, config2>|  return value|
|ap_return_2   |  out|   16|  ap_ctrl_hs|  dense_latency<ap_fixed<16, 6, 5, 3, 0>, ap_fixed<16, 6, 5, 3, 0>, config2>|  return value|
|ap_return_3   |  out|   16|  ap_ctrl_hs|  dense_latency<ap_fixed<16, 6, 5, 3, 0>, ap_fixed<16, 6, 5, 3, 0>, config2>|  return value|
|ap_return_4   |  out|   16|  ap_ctrl_hs|  dense_latency<ap_fixed<16, 6, 5, 3, 0>, ap_fixed<16, 6, 5, 3, 0>, config2>|  return value|
|ap_return_5   |  out|   16|  ap_ctrl_hs|  dense_latency<ap_fixed<16, 6, 5, 3, 0>, ap_fixed<16, 6, 5, 3, 0>, config2>|  return value|
|ap_return_6   |  out|   16|  ap_ctrl_hs|  dense_latency<ap_fixed<16, 6, 5, 3, 0>, ap_fixed<16, 6, 5, 3, 0>, config2>|  return value|
|ap_return_7   |  out|   16|  ap_ctrl_hs|  dense_latency<ap_fixed<16, 6, 5, 3, 0>, ap_fixed<16, 6, 5, 3, 0>, config2>|  return value|
|ap_return_8   |  out|   16|  ap_ctrl_hs|  dense_latency<ap_fixed<16, 6, 5, 3, 0>, ap_fixed<16, 6, 5, 3, 0>, config2>|  return value|
|ap_return_9   |  out|   16|  ap_ctrl_hs|  dense_latency<ap_fixed<16, 6, 5, 3, 0>, ap_fixed<16, 6, 5, 3, 0>, config2>|  return value|
|ap_return_10  |  out|   16|  ap_ctrl_hs|  dense_latency<ap_fixed<16, 6, 5, 3, 0>, ap_fixed<16, 6, 5, 3, 0>, config2>|  return value|
|ap_return_11  |  out|   16|  ap_ctrl_hs|  dense_latency<ap_fixed<16, 6, 5, 3, 0>, ap_fixed<16, 6, 5, 3, 0>, config2>|  return value|
|ap_return_12  |  out|   16|  ap_ctrl_hs|  dense_latency<ap_fixed<16, 6, 5, 3, 0>, ap_fixed<16, 6, 5, 3, 0>, config2>|  return value|
|ap_return_13  |  out|   16|  ap_ctrl_hs|  dense_latency<ap_fixed<16, 6, 5, 3, 0>, ap_fixed<16, 6, 5, 3, 0>, config2>|  return value|
|ap_return_14  |  out|   16|  ap_ctrl_hs|  dense_latency<ap_fixed<16, 6, 5, 3, 0>, ap_fixed<16, 6, 5, 3, 0>, config2>|  return value|
|ap_return_15  |  out|   16|  ap_ctrl_hs|  dense_latency<ap_fixed<16, 6, 5, 3, 0>, ap_fixed<16, 6, 5, 3, 0>, config2>|  return value|
|ap_return_16  |  out|   16|  ap_ctrl_hs|  dense_latency<ap_fixed<16, 6, 5, 3, 0>, ap_fixed<16, 6, 5, 3, 0>, config2>|  return value|
|ap_return_17  |  out|   16|  ap_ctrl_hs|  dense_latency<ap_fixed<16, 6, 5, 3, 0>, ap_fixed<16, 6, 5, 3, 0>, config2>|  return value|
|ap_return_18  |  out|   16|  ap_ctrl_hs|  dense_latency<ap_fixed<16, 6, 5, 3, 0>, ap_fixed<16, 6, 5, 3, 0>, config2>|  return value|
|ap_return_19  |  out|   16|  ap_ctrl_hs|  dense_latency<ap_fixed<16, 6, 5, 3, 0>, ap_fixed<16, 6, 5, 3, 0>, config2>|  return value|
|ap_return_20  |  out|   16|  ap_ctrl_hs|  dense_latency<ap_fixed<16, 6, 5, 3, 0>, ap_fixed<16, 6, 5, 3, 0>, config2>|  return value|
|ap_return_21  |  out|   16|  ap_ctrl_hs|  dense_latency<ap_fixed<16, 6, 5, 3, 0>, ap_fixed<16, 6, 5, 3, 0>, config2>|  return value|
|ap_return_22  |  out|   16|  ap_ctrl_hs|  dense_latency<ap_fixed<16, 6, 5, 3, 0>, ap_fixed<16, 6, 5, 3, 0>, config2>|  return value|
|ap_return_23  |  out|   16|  ap_ctrl_hs|  dense_latency<ap_fixed<16, 6, 5, 3, 0>, ap_fixed<16, 6, 5, 3, 0>, config2>|  return value|
|ap_return_24  |  out|   16|  ap_ctrl_hs|  dense_latency<ap_fixed<16, 6, 5, 3, 0>, ap_fixed<16, 6, 5, 3, 0>, config2>|  return value|
|ap_return_25  |  out|   16|  ap_ctrl_hs|  dense_latency<ap_fixed<16, 6, 5, 3, 0>, ap_fixed<16, 6, 5, 3, 0>, config2>|  return value|
|ap_return_26  |  out|   16|  ap_ctrl_hs|  dense_latency<ap_fixed<16, 6, 5, 3, 0>, ap_fixed<16, 6, 5, 3, 0>, config2>|  return value|
|ap_return_27  |  out|   16|  ap_ctrl_hs|  dense_latency<ap_fixed<16, 6, 5, 3, 0>, ap_fixed<16, 6, 5, 3, 0>, config2>|  return value|
|ap_return_28  |  out|   16|  ap_ctrl_hs|  dense_latency<ap_fixed<16, 6, 5, 3, 0>, ap_fixed<16, 6, 5, 3, 0>, config2>|  return value|
|ap_return_29  |  out|   16|  ap_ctrl_hs|  dense_latency<ap_fixed<16, 6, 5, 3, 0>, ap_fixed<16, 6, 5, 3, 0>, config2>|  return value|
|ap_return_30  |  out|   16|  ap_ctrl_hs|  dense_latency<ap_fixed<16, 6, 5, 3, 0>, ap_fixed<16, 6, 5, 3, 0>, config2>|  return value|
|ap_return_31  |  out|   16|  ap_ctrl_hs|  dense_latency<ap_fixed<16, 6, 5, 3, 0>, ap_fixed<16, 6, 5, 3, 0>, config2>|  return value|
|ap_return_32  |  out|   16|  ap_ctrl_hs|  dense_latency<ap_fixed<16, 6, 5, 3, 0>, ap_fixed<16, 6, 5, 3, 0>, config2>|  return value|
|ap_return_33  |  out|   16|  ap_ctrl_hs|  dense_latency<ap_fixed<16, 6, 5, 3, 0>, ap_fixed<16, 6, 5, 3, 0>, config2>|  return value|
|ap_return_34  |  out|   16|  ap_ctrl_hs|  dense_latency<ap_fixed<16, 6, 5, 3, 0>, ap_fixed<16, 6, 5, 3, 0>, config2>|  return value|
|ap_return_35  |  out|   16|  ap_ctrl_hs|  dense_latency<ap_fixed<16, 6, 5, 3, 0>, ap_fixed<16, 6, 5, 3, 0>, config2>|  return value|
|ap_return_36  |  out|   16|  ap_ctrl_hs|  dense_latency<ap_fixed<16, 6, 5, 3, 0>, ap_fixed<16, 6, 5, 3, 0>, config2>|  return value|
|ap_return_37  |  out|   16|  ap_ctrl_hs|  dense_latency<ap_fixed<16, 6, 5, 3, 0>, ap_fixed<16, 6, 5, 3, 0>, config2>|  return value|
|ap_return_38  |  out|   16|  ap_ctrl_hs|  dense_latency<ap_fixed<16, 6, 5, 3, 0>, ap_fixed<16, 6, 5, 3, 0>, config2>|  return value|
|ap_return_39  |  out|   16|  ap_ctrl_hs|  dense_latency<ap_fixed<16, 6, 5, 3, 0>, ap_fixed<16, 6, 5, 3, 0>, config2>|  return value|
|ap_return_40  |  out|   16|  ap_ctrl_hs|  dense_latency<ap_fixed<16, 6, 5, 3, 0>, ap_fixed<16, 6, 5, 3, 0>, config2>|  return value|
|ap_return_41  |  out|   16|  ap_ctrl_hs|  dense_latency<ap_fixed<16, 6, 5, 3, 0>, ap_fixed<16, 6, 5, 3, 0>, config2>|  return value|
|ap_return_42  |  out|   16|  ap_ctrl_hs|  dense_latency<ap_fixed<16, 6, 5, 3, 0>, ap_fixed<16, 6, 5, 3, 0>, config2>|  return value|
|ap_return_43  |  out|   16|  ap_ctrl_hs|  dense_latency<ap_fixed<16, 6, 5, 3, 0>, ap_fixed<16, 6, 5, 3, 0>, config2>|  return value|
|ap_return_44  |  out|   16|  ap_ctrl_hs|  dense_latency<ap_fixed<16, 6, 5, 3, 0>, ap_fixed<16, 6, 5, 3, 0>, config2>|  return value|
|ap_return_45  |  out|   16|  ap_ctrl_hs|  dense_latency<ap_fixed<16, 6, 5, 3, 0>, ap_fixed<16, 6, 5, 3, 0>, config2>|  return value|
|ap_return_46  |  out|   16|  ap_ctrl_hs|  dense_latency<ap_fixed<16, 6, 5, 3, 0>, ap_fixed<16, 6, 5, 3, 0>, config2>|  return value|
|ap_return_47  |  out|   16|  ap_ctrl_hs|  dense_latency<ap_fixed<16, 6, 5, 3, 0>, ap_fixed<16, 6, 5, 3, 0>, config2>|  return value|
|ap_return_48  |  out|   16|  ap_ctrl_hs|  dense_latency<ap_fixed<16, 6, 5, 3, 0>, ap_fixed<16, 6, 5, 3, 0>, config2>|  return value|
|ap_return_49  |  out|   16|  ap_ctrl_hs|  dense_latency<ap_fixed<16, 6, 5, 3, 0>, ap_fixed<16, 6, 5, 3, 0>, config2>|  return value|
|ap_return_50  |  out|   16|  ap_ctrl_hs|  dense_latency<ap_fixed<16, 6, 5, 3, 0>, ap_fixed<16, 6, 5, 3, 0>, config2>|  return value|
|ap_return_51  |  out|   16|  ap_ctrl_hs|  dense_latency<ap_fixed<16, 6, 5, 3, 0>, ap_fixed<16, 6, 5, 3, 0>, config2>|  return value|
|ap_return_52  |  out|   16|  ap_ctrl_hs|  dense_latency<ap_fixed<16, 6, 5, 3, 0>, ap_fixed<16, 6, 5, 3, 0>, config2>|  return value|
|ap_return_53  |  out|   16|  ap_ctrl_hs|  dense_latency<ap_fixed<16, 6, 5, 3, 0>, ap_fixed<16, 6, 5, 3, 0>, config2>|  return value|
|ap_return_54  |  out|   16|  ap_ctrl_hs|  dense_latency<ap_fixed<16, 6, 5, 3, 0>, ap_fixed<16, 6, 5, 3, 0>, config2>|  return value|
|ap_return_55  |  out|   16|  ap_ctrl_hs|  dense_latency<ap_fixed<16, 6, 5, 3, 0>, ap_fixed<16, 6, 5, 3, 0>, config2>|  return value|
|ap_return_56  |  out|   16|  ap_ctrl_hs|  dense_latency<ap_fixed<16, 6, 5, 3, 0>, ap_fixed<16, 6, 5, 3, 0>, config2>|  return value|
|ap_return_57  |  out|   16|  ap_ctrl_hs|  dense_latency<ap_fixed<16, 6, 5, 3, 0>, ap_fixed<16, 6, 5, 3, 0>, config2>|  return value|
|ap_return_58  |  out|   16|  ap_ctrl_hs|  dense_latency<ap_fixed<16, 6, 5, 3, 0>, ap_fixed<16, 6, 5, 3, 0>, config2>|  return value|
|ap_return_59  |  out|   16|  ap_ctrl_hs|  dense_latency<ap_fixed<16, 6, 5, 3, 0>, ap_fixed<16, 6, 5, 3, 0>, config2>|  return value|
|ap_ce         |   in|    1|  ap_ctrl_hs|  dense_latency<ap_fixed<16, 6, 5, 3, 0>, ap_fixed<16, 6, 5, 3, 0>, config2>|  return value|
|p_read        |   in|  256|     ap_none|                                                                      p_read|        scalar|
+--------------+-----+-----+------------+----------------------------------------------------------------------------+--------------+

